******************************************************************************
                  TI ARM Linker PC v16.9.1                     
******************************************************************************
>> Linked Tue Jun 06 01:15:13 2017

OUTPUT FILE NAME:   <project_zero_app_cc2650sjk.out>
ENTRY POINT SYMBOL: "ResetISR"  address: 0000aa91


MEMORY CONFIGURATION

         name            origin    length      used     unused   attr    fill
----------------------  --------  ---------  --------  --------  ----  --------
  FLASH                 00000000   0000f000  0000ecf6  0000030a  R  X
  FLASH_LAST_PAGE       0001f000   00001000  00000540  00000ac0  R  X
  SRAM                  20000000   00004348  0000317b  000011cd  RW X


SEGMENT ALLOCATION MAP

run origin  load origin   length   init length attrs members
----------  ----------- ---------- ----------- ----- -------
00000000    00000000    0000ecf4   0000ecf4    r-x
  00000000    00000000    0000003c   0000003c    r-- .resetVecs
  0000003c    0000003c    000000c4   000000c4    r-x .text.1
  00000100    00000100    0000003c   0000003c    r-- .const:ti_sysbios_knl_Task_Object__PARAMS__C
  0000013c    0000013c    00000034   00000034    r-- .const:ti_sysbios_knl_Mailbox_Object__PARAMS__C
  00000170    00000170    00000030   00000030    r-- .const:ti_sysbios_family_arm_m3_Hwi_Object__PARAMS__C
  000001a0    000001a0    0000002c   0000002c    r-- .const:ti_sysbios_hal_Hwi_Object__PARAMS__C
  000001cc    000001cc    00000028   00000028    r-- .const:ti_sysbios_heaps_HeapMem_Module__FXNS__C
  000001f4    000001f4    00000028   00000028    r-- .const:ti_sysbios_knl_Swi_Object__PARAMS__C
  0000021c    0000021c    00000024   00000024    r-- .const:ti_sysbios_gates_GateHwi_Module__FXNS__C
  00000240    00000240    00000024   00000024    r-- .const:ti_sysbios_gates_GateMutex_Module__FXNS__C
  00000264    00000264    00000024   00000024    r-- .const:ti_sysbios_heaps_HeapMem_Object__PARAMS__C
  00000288    00000288    00000024   00000024    r-- .const:ti_sysbios_knl_Clock_Object__PARAMS__C
  000002ac    000002ac    00000024   00000024    r-- .const:ti_sysbios_knl_Semaphore_Object__PARAMS__C
  000002d0    000002d0    00000020   00000020    r-- .const:ti_sysbios_family_arm_m3_Hwi_Object__DESC__C
  000002f0    000002f0    00000020   00000020    r-- .const:ti_sysbios_gates_GateHwi_Object__DESC__C
  00000310    00000310    00000020   00000020    r-- .const:ti_sysbios_gates_GateMutex_Object__DESC__C
  00000330    00000330    00000020   00000020    r-- .const:ti_sysbios_hal_Hwi_Object__DESC__C
  00000350    00000350    00000020   00000020    r-- .const:ti_sysbios_heaps_HeapMem_Object__DESC__C
  00000370    00000370    00000020   00000020    r-- .const:ti_sysbios_knl_Clock_Object__DESC__C
  00000390    00000390    00000020   00000020    r-- .const:ti_sysbios_knl_Mailbox_Object__DESC__C
  000003b0    000003b0    00000020   00000020    r-- .const:ti_sysbios_knl_Queue_Object__DESC__C
  000003d0    000003d0    00000020   00000020    r-- .const:ti_sysbios_knl_Semaphore_Object__DESC__C
  000003f0    000003f0    00000020   00000020    r-- .const:ti_sysbios_knl_Swi_Object__DESC__C
  00000410    00000410    00000020   00000020    r-- .const:ti_sysbios_knl_Task_Object__DESC__C
  00000430    00000430    00000018   00000018    r-- .const:ti_sysbios_gates_GateHwi_Object__PARAMS__C
  00000448    00000448    00000018   00000018    r-- .const:ti_sysbios_gates_GateMutex_Object__PARAMS__C
  00000460    00000460    00000018   00000018    r-- .const:ti_sysbios_knl_Queue_Object__PARAMS__C
  00000478    00000478    00000008   00000008    r-- .const:ti_sysbios_knl_Idle_funcList__C
  00000480    00000480    00000004   00000004    r-x .text.2
  00000484    00000484    00000004   00000004    r-- .const:ti_sysbios_family_arm_cc26xx_Timer_startupNeeded__C
  00000488    00000488    00000004   00000004    r-- .const:ti_sysbios_family_arm_m3_Hwi_E_alreadyDefined__C
  0000048c    0000048c    00000004   00000004    r-- .const:ti_sysbios_family_arm_m3_Hwi_E_hwiLimitExceeded__C
  00000490    00000490    00000004   00000004    r-- .const:ti_sysbios_family_arm_m3_Hwi_NUM_INTERRUPTS__C
  00000494    00000494    00000004   00000004    r-- .const:ti_sysbios_family_arm_m3_Hwi_Object__count__C
  00000498    00000498    00000004   00000004    r-- .const:ti_sysbios_family_arm_m3_Hwi_Object__table__C
  0000049c    0000049c    00000004   00000004    r-- .const:ti_sysbios_family_arm_m3_Hwi_ccr__C
  000004a0    000004a0    00000004   00000004    r-- .const:ti_sysbios_family_arm_m3_Hwi_excHandlerFunc__C
  000004a4    000004a4    00000004   00000004    r-- .const:ti_sysbios_family_arm_m3_Hwi_nullIsrFunc__C
  000004a8    000004a8    00000004   00000004    r-- .const:ti_sysbios_family_arm_m3_Hwi_numSparseInterrupts__C
  000004ac    000004ac    00000004   00000004    r-- .const:ti_sysbios_family_arm_m3_Hwi_priGroup__C
  000004b0    000004b0    00000004   00000004    r-- .const:ti_sysbios_family_arm_m3_TaskSupport_stackAlignment__C
  000004b4    000004b4    00000004   00000004    r-- .const:ti_sysbios_heaps_HeapMem_E_memory__C
  000004b8    000004b8    00000004   00000004    r-- .const:ti_sysbios_heaps_HeapMem_Module__gateObj__C
  000004bc    000004bc    00000004   00000004    r-- .const:ti_sysbios_heaps_HeapMem_Object__count__C
  000004c0    000004c0    00000004   00000004    r-- .const:ti_sysbios_heaps_HeapMem_Object__table__C
  000004c4    000004c4    00000004   00000004    r-- .const:ti_sysbios_heaps_HeapMem_reqAlign__C
  000004c8    000004c8    00000004   00000004    r-- .const:ti_sysbios_knl_Clock_serviceMargin__C
  000004cc    000004cc    00000004   00000004    r-- .const:ti_sysbios_knl_Mailbox_Object__count__C
  000004d0    000004d0    00000004   00000004    r-- .const:ti_sysbios_knl_Mailbox_Object__table__C
  000004d4    000004d4    00000004   00000004    r-- .const:ti_sysbios_knl_Queue_Object__count__C
  000004d8    000004d8    00000004   00000004    r-- .const:ti_sysbios_knl_Queue_Object__table__C
  000004dc    000004dc    00000004   00000004    r-- .const:ti_sysbios_knl_Swi_Object__count__C
  000004e0    000004e0    00000004   00000004    r-- .const:ti_sysbios_knl_Swi_Object__table__C
  000004e4    000004e4    00000004   00000004    r-- .const:ti_sysbios_knl_Swi_numPriorities__C
  000004e8    000004e8    00000004   00000004    r-- .const:ti_sysbios_knl_Task_Object__count__C
  000004ec    000004ec    00000004   00000004    r-- .const:ti_sysbios_knl_Task_Object__table__C
  000004f0    000004f0    00000004   00000004    r-- .const:ti_sysbios_knl_Task_allBlockedFunc__C
  000004f4    000004f4    00000004   00000004    r-- .const:ti_sysbios_knl_Task_defaultStackHeap__C
  000004f8    000004f8    00000004   00000004    r-- .const:ti_sysbios_knl_Task_defaultStackSize__C
  000004fc    000004fc    00000004   00000004    r-- .const:ti_sysbios_knl_Task_numConstructedTasks__C
  00000500    00000500    00000002   00000002    r-x .text.3
  00000502    00000502    00000002   00000002    r-- .const:ti_sysbios_family_arm_cc26xx_Timer_Module__id__C
  00000504    00000504    00000002   00000002    r-- .const:ti_sysbios_family_arm_cc26xx_TimestampProvider_useClockTimer__C
  00000506    00000506    00000002   00000002    r-- .const:ti_sysbios_family_arm_m3_Hwi_Module__id__C
  00000508    00000508    00000002   00000002    r-- .const:ti_sysbios_gates_GateHwi_Module__id__C
  0000050a    0000050a    00000002   00000002    r-- .const:ti_sysbios_gates_GateMutex_Module__id__C
  0000050c    0000050c    00000002   00000002    r-- .const:ti_sysbios_heaps_HeapMem_Module__id__C
  0000050e    0000050e    00000002   00000002    r-- .const:ti_sysbios_knl_Task_initStackFlag__C
  00000510    00000510    00000001   00000001    r-- .const:ti_sysbios_knl_Clock_tickMode__C
  00000514    00000514    00000008   00000008    r-- .const:xdc_runtime_Startup_firstFxns__C
  0000051c    0000051c    00000008   00000008    r-- .const:xdc_runtime_Startup_lastFxns__C
  00000524    00000524    00000004   00000004    r-- .const:xdc_runtime_Assert_E_assertFailed__C
  00000528    00000528    00000004   00000004    r-- .const:xdc_runtime_Error_E_memory__C
  0000052c    0000052c    00000004   00000004    r-- .const:xdc_runtime_Error_policyFxn__C
  00000530    00000530    00000004   00000004    r-- .const:xdc_runtime_IGateProvider_Interface__BASE__C
  00000534    00000534    00000004   00000004    r-- .const:xdc_runtime_IHeap_Interface__BASE__C
  00000538    00000538    00000004   00000004    r-- .const:xdc_runtime_IModule_Interface__BASE__C
  0000053c    0000053c    00000004   00000004    r-- .const:xdc_runtime_Main_Module__diagsEnabled__C
  00000540    00000540    00000004   00000004    r-- .const:xdc_runtime_Main_Module__diagsIncluded__C
  00000544    00000544    00000004   00000004    r-- .const:xdc_runtime_Main_Module__diagsMask__C
  00000548    00000548    00000004   00000004    r-- .const:xdc_runtime_Memory_defaultHeapInstance__C
  0000054c    0000054c    00000004   00000004    r-- .const:xdc_runtime_Startup_execImpl__C
  00000550    00000550    00000004   00000004    r-- .const:xdc_runtime_Startup_maxPasses__C
  00000554    00000554    00000004   00000004    r-- .const:xdc_runtime_Startup_sfxnRts__C
  00000558    00000558    00000004   00000004    r-- .const:xdc_runtime_Startup_sfxnTab__C
  0000055c    0000055c    00000004   00000004    r-- .const:xdc_runtime_Startup_startModsFxn__C
  00000560    00000560    00000004   00000004    r-- .const:xdc_runtime_SysCallback_abortFxn__C
  00000564    00000564    00000004   00000004    r-- .const:xdc_runtime_SysCallback_exitFxn__C
  00000568    00000568    00000004   00000004    r-- .const:xdc_runtime_System_abortFxn__C
  0000056c    0000056c    00000004   00000004    r-- .const:xdc_runtime_System_exitFxn__C
  00000570    00000570    00000004   00000004    r-- .const:xdc_runtime_System_maxAtexitHandlers__C
  00000574    00000574    00000004   00000004    r-- .const:xdc_runtime_Text_charTab__C
  00000578    00000578    00000004   00000004    r-- .const:xdc_runtime_Text_nameEmpty__C
  0000057c    0000057c    00000004   00000004    r-- .const:xdc_runtime_Text_nameStatic__C
  00000580    00000580    00000004   00000004    r-- .const:xdc_runtime_Text_nameUnknown__C
  00000584    00000584    00000002   00000002    r-- .const:xdc_runtime_Main_Module__id__C
  00000586    00000586    00000002   00000002    r-- .const:xdc_runtime_Memory_Module__id__C
  00000588    00000588    00000002   00000002    r-- .const:xdc_runtime_Text_charCnt__C
  0000058a    0000058a    00000002   00000002    r-- .const:xdc_runtime_Text_isLoaded__C
  0000058c    0000058c    00000001   00000001    r-- .const:xdc_runtime_Error_policy__C
  00000590    00000590    00000004   00000004    r-- .const:ti_sysbios_rom_ROM_AONRTCChannelEnable
  00000594    00000594    00000004   00000004    r-- .const:ti_sysbios_rom_ROM_AONRTCCompareValueSet
  00000598    00000598    00000004   00000004    r-- .const:ti_sysbios_rom_ROM_AONRTCCurrentCompareValueGet
  0000059c    0000059c    00000004   00000004    r-- .const:ti_sysbios_rom_ROM_AONRTCEventClear
  000005a0    000005a0    00000004   00000004    r-- .const:ti_sysbios_rom_ROM_ti_sysbios_family_arm_cc26xx_Timer_getCount64__E
  000005a4    000005a4    00000004   00000004    r-- .const:ti_sysbios_rom_ROM_ti_sysbios_family_arm_cc26xx_Timer_getCurrentTick__E
  000005a8    000005a8    00000004   00000004    r-- .const:ti_sysbios_rom_ROM_ti_sysbios_family_arm_cc26xx_Timer_getMaxTicks__E
  000005ac    000005ac    00000004   00000004    r-- .const:ti_sysbios_rom_ROM_ti_sysbios_family_arm_cc26xx_Timer_initDevice__I
  000005b0    000005b0    00000004   00000004    r-- .const:ti_sysbios_rom_ROM_ti_sysbios_family_arm_cc26xx_Timer_setNextTick__E
  000005b4    000005b4    00000004   00000004    r-- .const:ti_sysbios_rom_ROM_ti_sysbios_family_arm_cc26xx_Timer_setThreshold__I
  000005b8    000005b8    00000004   00000004    r-- .const:ti_sysbios_rom_ROM_ti_sysbios_family_arm_cc26xx_Timer_start__E
  000005bc    000005bc    00000004   00000004    r-- .const:ti_sysbios_rom_ROM_ti_sysbios_family_arm_cc26xx_TimestampProvider_get32__E
  000005c0    000005c0    00000004   00000004    r-- .const:ti_sysbios_rom_ROM_xdc_runtime_Startup_getState__I
  000005c4    000005c4    00000004   00000004    r-- .const:ti_sysbios_rom_ROM_xdc_runtime_System_SupportProxy_abort__E
  000005c8    000005c8    00000004   00000004    r-- .const:ti_sysbios_rom_ROM_xdc_runtime_System_SupportProxy_exit__E
  000005cc    000005cc    00000004   00000004    r-- .const:ti_sysbios_gates_GateMutex_Instance_State_sem__O
  000005d0    000005d0    00000004   00000004    r-- .const:ti_sysbios_knl_Clock_Module_State_clockQ__O
  000005d4    000005d4    00000004   00000004    r-- .const:ti_sysbios_knl_Mailbox_Instance_State_dataQue__O
  000005d8    000005d8    00000004   00000004    r-- .const:ti_sysbios_knl_Mailbox_Instance_State_dataSem__O
  000005dc    000005dc    00000004   00000004    r-- .const:ti_sysbios_knl_Mailbox_Instance_State_freeQue__O
  000005e0    000005e0    00000004   00000004    r-- .const:ti_sysbios_knl_Mailbox_Instance_State_freeSem__O
  000005e4    000005e4    00000004   00000004    r-- .const:ti_sysbios_knl_Semaphore_Instance_State_pendQ__O
  000005e8    000005e8    00000004   00000004    r-- .const:ti_sysbios_knl_Task_Module_State_inactiveQ__O
  000005ec    000005ec    0000c8c8   0000c8c8    r-x .text.4
  0000ceb4    0000ceb4    00001e40   00001e40    r-- .const
0000ecf4    0000ecf4    00000008   00000008    rw-
  0000ecf4    0000ecf4    00000008   00000008    rw- .args
0001f000    0001f000    000004e8   000004e8    r--
  0001f000    0001f000    000004e8   000004e8    r-- .cinit
0001ffa8    0001ffa8    00000058   00000058    r--
  0001ffa8    0001ffa8    00000058   00000058    r-- .ccfg
20000100    20000100    00002cb7   00000000    rw-
  20000100    20000100    00000044   00000000    rw- .data:ti_sysbios_knl_Task_Module__state__V
  20000144    20000144    00000034   00000000    rw- .data:ti_sysbios_family_arm_m3_Hwi_Module__state__V
  20000178    20000178    0000002c   00000000    rw- .data:ti_sysbios_knl_Clock_Module__state__V
  200001a4    200001a4    00000024   00000000    rw- .data:ti_sysbios_BIOS_Module__state__V
  200001c8    200001c8    0000001c   00000000    rw- .data:ti_sysbios_knl_Swi_Module__state__V
  200001e4    200001e4    00000008   00000000    rw- .data:ti_sysbios_family_arm_cc26xx_Timer_Module__state__V
  200001ec    200001ec    00000004   00000000    rw- .data:ti_sysbios_family_arm_cc26xx_TimestampProvider_Module__state__V
  200001f0    200001f0    00000008   00000000    rw- .data:xdc_runtime_Startup_Module__state__V
  200001f8    200001f8    00000008   00000000    rw- .data:xdc_runtime_System_Module__state__V
  20000200    20000200    00000004   00000000    rw- .data:xdc_runtime_Memory_Module__state__V
  20000208    20000208    00001c9e   00000000    rw- .data
  20001ea8    20001ea8    00000f0f   00000000    rw- .bss
20003f48    20003f48    00000400   00000000    rw-
  20003f48    20003f48    00000400   00000000    rw- .stack


SECTION ALLOCATION MAP

 output                                  attributes/
section   page    origin      length       input sections
--------  ----  ----------  ----------   ----------------
.resetVecs 
*          0    00000000    0000003c     
                  00000000    0000003c     app_ble_uartlog_pem3.oem3 (.resetVecs)

.text.1    0    0000003c    000000c4     
                  0000003c    000000b8     project_zero.obj (.text:user_gapStateChangeCB$4)
                  000000f4    0000000c     rf_singleMode_cc26xxware.aem3 : RFCC26XX_singleMode.oem3 (.text:FsmNextState)

.const:ti_sysbios_knl_Task_Object__PARAMS__C 
*          0    00000100    0000003c     
                  00000100    0000003c     app_ble_uartlog_pem3.oem3 (.const:ti_sysbios_knl_Task_Object__PARAMS__C)

.const:ti_sysbios_knl_Mailbox_Object__PARAMS__C 
*          0    0000013c    00000034     
                  0000013c    00000034     app_ble_uartlog_pem3.oem3 (.const:ti_sysbios_knl_Mailbox_Object__PARAMS__C)

.const:ti_sysbios_family_arm_m3_Hwi_Object__PARAMS__C 
*          0    00000170    00000030     
                  00000170    00000030     app_ble_uartlog_pem3.oem3 (.const:ti_sysbios_family_arm_m3_Hwi_Object__PARAMS__C)

.const:ti_sysbios_hal_Hwi_Object__PARAMS__C 
*          0    000001a0    0000002c     
                  000001a0    0000002c     app_ble_uartlog_pem3.oem3 (.const:ti_sysbios_hal_Hwi_Object__PARAMS__C)

.const:ti_sysbios_heaps_HeapMem_Module__FXNS__C 
*          0    000001cc    00000028     
                  000001cc    00000028     app_ble_uartlog_pem3.oem3 (.const:ti_sysbios_heaps_HeapMem_Module__FXNS__C)

.const:ti_sysbios_knl_Swi_Object__PARAMS__C 
*          0    000001f4    00000028     
                  000001f4    00000028     app_ble_uartlog_pem3.oem3 (.const:ti_sysbios_knl_Swi_Object__PARAMS__C)

.const:ti_sysbios_gates_GateHwi_Module__FXNS__C 
*          0    0000021c    00000024     
                  0000021c    00000024     app_ble_uartlog_pem3.oem3 (.const:ti_sysbios_gates_GateHwi_Module__FXNS__C)

.const:ti_sysbios_gates_GateMutex_Module__FXNS__C 
*          0    00000240    00000024     
                  00000240    00000024     app_ble_uartlog_pem3.oem3 (.const:ti_sysbios_gates_GateMutex_Module__FXNS__C)

.const:ti_sysbios_heaps_HeapMem_Object__PARAMS__C 
*          0    00000264    00000024     
                  00000264    00000024     app_ble_uartlog_pem3.oem3 (.const:ti_sysbios_heaps_HeapMem_Object__PARAMS__C)

.const:ti_sysbios_knl_Clock_Object__PARAMS__C 
*          0    00000288    00000024     
                  00000288    00000024     app_ble_uartlog_pem3.oem3 (.const:ti_sysbios_knl_Clock_Object__PARAMS__C)

.const:ti_sysbios_knl_Semaphore_Object__PARAMS__C 
*          0    000002ac    00000024     
                  000002ac    00000024     app_ble_uartlog_pem3.oem3 (.const:ti_sysbios_knl_Semaphore_Object__PARAMS__C)

.const:ti_sysbios_family_arm_m3_Hwi_Object__DESC__C 
*          0    000002d0    00000020     
                  000002d0    00000020     app_ble_uartlog_pem3.oem3 (.const:ti_sysbios_family_arm_m3_Hwi_Object__DESC__C)

.const:ti_sysbios_gates_GateHwi_Object__DESC__C 
*          0    000002f0    00000020     
                  000002f0    00000020     app_ble_uartlog_pem3.oem3 (.const:ti_sysbios_gates_GateHwi_Object__DESC__C)

.const:ti_sysbios_gates_GateMutex_Object__DESC__C 
*          0    00000310    00000020     
                  00000310    00000020     app_ble_uartlog_pem3.oem3 (.const:ti_sysbios_gates_GateMutex_Object__DESC__C)

.const:ti_sysbios_hal_Hwi_Object__DESC__C 
*          0    00000330    00000020     
                  00000330    00000020     app_ble_uartlog_pem3.oem3 (.const:ti_sysbios_hal_Hwi_Object__DESC__C)

.const:ti_sysbios_heaps_HeapMem_Object__DESC__C 
*          0    00000350    00000020     
                  00000350    00000020     app_ble_uartlog_pem3.oem3 (.const:ti_sysbios_heaps_HeapMem_Object__DESC__C)

.const:ti_sysbios_knl_Clock_Object__DESC__C 
*          0    00000370    00000020     
                  00000370    00000020     app_ble_uartlog_pem3.oem3 (.const:ti_sysbios_knl_Clock_Object__DESC__C)

.const:ti_sysbios_knl_Mailbox_Object__DESC__C 
*          0    00000390    00000020     
                  00000390    00000020     app_ble_uartlog_pem3.oem3 (.const:ti_sysbios_knl_Mailbox_Object__DESC__C)

.const:ti_sysbios_knl_Queue_Object__DESC__C 
*          0    000003b0    00000020     
                  000003b0    00000020     app_ble_uartlog_pem3.oem3 (.const:ti_sysbios_knl_Queue_Object__DESC__C)

.const:ti_sysbios_knl_Semaphore_Object__DESC__C 
*          0    000003d0    00000020     
                  000003d0    00000020     app_ble_uartlog_pem3.oem3 (.const:ti_sysbios_knl_Semaphore_Object__DESC__C)

.const:ti_sysbios_knl_Swi_Object__DESC__C 
*          0    000003f0    00000020     
                  000003f0    00000020     app_ble_uartlog_pem3.oem3 (.const:ti_sysbios_knl_Swi_Object__DESC__C)

.const:ti_sysbios_knl_Task_Object__DESC__C 
*          0    00000410    00000020     
                  00000410    00000020     app_ble_uartlog_pem3.oem3 (.const:ti_sysbios_knl_Task_Object__DESC__C)

.const:ti_sysbios_gates_GateHwi_Object__PARAMS__C 
*          0    00000430    00000018     
                  00000430    00000018     app_ble_uartlog_pem3.oem3 (.const:ti_sysbios_gates_GateHwi_Object__PARAMS__C)

.const:ti_sysbios_gates_GateMutex_Object__PARAMS__C 
*          0    00000448    00000018     
                  00000448    00000018     app_ble_uartlog_pem3.oem3 (.const:ti_sysbios_gates_GateMutex_Object__PARAMS__C)

.const:ti_sysbios_knl_Queue_Object__PARAMS__C 
*          0    00000460    00000018     
                  00000460    00000018     app_ble_uartlog_pem3.oem3 (.const:ti_sysbios_knl_Queue_Object__PARAMS__C)

.const:ti_sysbios_knl_Idle_funcList__C 
*          0    00000478    00000008     
                  00000478    00000008     app_ble_uartlog_pem3.oem3 (.const:ti_sysbios_knl_Idle_funcList__C)

.text.2    0    00000480    00000004     
                  00000480    00000004     icall.obj (.text:ICall_primAbort$10)

.const:ti_sysbios_family_arm_cc26xx_Timer_startupNeeded__C 
*          0    00000484    00000004     
                  00000484    00000004     app_ble_uartlog_pem3.oem3 (.const:ti_sysbios_family_arm_cc26xx_Timer_startupNeeded__C)

.const:ti_sysbios_family_arm_m3_Hwi_E_alreadyDefined__C 
*          0    00000488    00000004     
                  00000488    00000004     app_ble_uartlog_pem3.oem3 (.const:ti_sysbios_family_arm_m3_Hwi_E_alreadyDefined__C)

.const:ti_sysbios_family_arm_m3_Hwi_E_hwiLimitExceeded__C 
*          0    0000048c    00000004     
                  0000048c    00000004     app_ble_uartlog_pem3.oem3 (.const:ti_sysbios_family_arm_m3_Hwi_E_hwiLimitExceeded__C)

.const:ti_sysbios_family_arm_m3_Hwi_NUM_INTERRUPTS__C 
*          0    00000490    00000004     
                  00000490    00000004     app_ble_uartlog_pem3.oem3 (.const:ti_sysbios_family_arm_m3_Hwi_NUM_INTERRUPTS__C)

.const:ti_sysbios_family_arm_m3_Hwi_Object__count__C 
*          0    00000494    00000004     
                  00000494    00000004     app_ble_uartlog_pem3.oem3 (.const:ti_sysbios_family_arm_m3_Hwi_Object__count__C)

.const:ti_sysbios_family_arm_m3_Hwi_Object__table__C 
*          0    00000498    00000004     
                  00000498    00000004     app_ble_uartlog_pem3.oem3 (.const:ti_sysbios_family_arm_m3_Hwi_Object__table__C)

.const:ti_sysbios_family_arm_m3_Hwi_ccr__C 
*          0    0000049c    00000004     
                  0000049c    00000004     app_ble_uartlog_pem3.oem3 (.const:ti_sysbios_family_arm_m3_Hwi_ccr__C)

.const:ti_sysbios_family_arm_m3_Hwi_excHandlerFunc__C 
*          0    000004a0    00000004     
                  000004a0    00000004     app_ble_uartlog_pem3.oem3 (.const:ti_sysbios_family_arm_m3_Hwi_excHandlerFunc__C)

.const:ti_sysbios_family_arm_m3_Hwi_nullIsrFunc__C 
*          0    000004a4    00000004     
                  000004a4    00000004     app_ble_uartlog_pem3.oem3 (.const:ti_sysbios_family_arm_m3_Hwi_nullIsrFunc__C)

.const:ti_sysbios_family_arm_m3_Hwi_numSparseInterrupts__C 
*          0    000004a8    00000004     
                  000004a8    00000004     app_ble_uartlog_pem3.oem3 (.const:ti_sysbios_family_arm_m3_Hwi_numSparseInterrupts__C)

.const:ti_sysbios_family_arm_m3_Hwi_priGroup__C 
*          0    000004ac    00000004     
                  000004ac    00000004     app_ble_uartlog_pem3.oem3 (.const:ti_sysbios_family_arm_m3_Hwi_priGroup__C)

.const:ti_sysbios_family_arm_m3_TaskSupport_stackAlignment__C 
*          0    000004b0    00000004     
                  000004b0    00000004     app_ble_uartlog_pem3.oem3 (.const:ti_sysbios_family_arm_m3_TaskSupport_stackAlignment__C)

.const:ti_sysbios_heaps_HeapMem_E_memory__C 
*          0    000004b4    00000004     
                  000004b4    00000004     app_ble_uartlog_pem3.oem3 (.const:ti_sysbios_heaps_HeapMem_E_memory__C)

.const:ti_sysbios_heaps_HeapMem_Module__gateObj__C 
*          0    000004b8    00000004     
                  000004b8    00000004     app_ble_uartlog_pem3.oem3 (.const:ti_sysbios_heaps_HeapMem_Module__gateObj__C)

.const:ti_sysbios_heaps_HeapMem_Object__count__C 
*          0    000004bc    00000004     
                  000004bc    00000004     app_ble_uartlog_pem3.oem3 (.const:ti_sysbios_heaps_HeapMem_Object__count__C)

.const:ti_sysbios_heaps_HeapMem_Object__table__C 
*          0    000004c0    00000004     
                  000004c0    00000004     app_ble_uartlog_pem3.oem3 (.const:ti_sysbios_heaps_HeapMem_Object__table__C)

.const:ti_sysbios_heaps_HeapMem_reqAlign__C 
*          0    000004c4    00000004     
                  000004c4    00000004     app_ble_uartlog_pem3.oem3 (.const:ti_sysbios_heaps_HeapMem_reqAlign__C)

.const:ti_sysbios_knl_Clock_serviceMargin__C 
*          0    000004c8    00000004     
                  000004c8    00000004     app_ble_uartlog_pem3.oem3 (.const:ti_sysbios_knl_Clock_serviceMargin__C)

.const:ti_sysbios_knl_Mailbox_Object__count__C 
*          0    000004cc    00000004     
                  000004cc    00000004     app_ble_uartlog_pem3.oem3 (.const:ti_sysbios_knl_Mailbox_Object__count__C)

.const:ti_sysbios_knl_Mailbox_Object__table__C 
*          0    000004d0    00000004     
                  000004d0    00000004     app_ble_uartlog_pem3.oem3 (.const:ti_sysbios_knl_Mailbox_Object__table__C)

.const:ti_sysbios_knl_Queue_Object__count__C 
*          0    000004d4    00000004     
                  000004d4    00000004     app_ble_uartlog_pem3.oem3 (.const:ti_sysbios_knl_Queue_Object__count__C)

.const:ti_sysbios_knl_Queue_Object__table__C 
*          0    000004d8    00000004     
                  000004d8    00000004     app_ble_uartlog_pem3.oem3 (.const:ti_sysbios_knl_Queue_Object__table__C)

.const:ti_sysbios_knl_Swi_Object__count__C 
*          0    000004dc    00000004     
                  000004dc    00000004     app_ble_uartlog_pem3.oem3 (.const:ti_sysbios_knl_Swi_Object__count__C)

.const:ti_sysbios_knl_Swi_Object__table__C 
*          0    000004e0    00000004     
                  000004e0    00000004     app_ble_uartlog_pem3.oem3 (.const:ti_sysbios_knl_Swi_Object__table__C)

.const:ti_sysbios_knl_Swi_numPriorities__C 
*          0    000004e4    00000004     
                  000004e4    00000004     app_ble_uartlog_pem3.oem3 (.const:ti_sysbios_knl_Swi_numPriorities__C)

.const:ti_sysbios_knl_Task_Object__count__C 
*          0    000004e8    00000004     
                  000004e8    00000004     app_ble_uartlog_pem3.oem3 (.const:ti_sysbios_knl_Task_Object__count__C)

.const:ti_sysbios_knl_Task_Object__table__C 
*          0    000004ec    00000004     
                  000004ec    00000004     app_ble_uartlog_pem3.oem3 (.const:ti_sysbios_knl_Task_Object__table__C)

.const:ti_sysbios_knl_Task_allBlockedFunc__C 
*          0    000004f0    00000004     
                  000004f0    00000004     app_ble_uartlog_pem3.oem3 (.const:ti_sysbios_knl_Task_allBlockedFunc__C)

.const:ti_sysbios_knl_Task_defaultStackHeap__C 
*          0    000004f4    00000004     
                  000004f4    00000004     app_ble_uartlog_pem3.oem3 (.const:ti_sysbios_knl_Task_defaultStackHeap__C)

.const:ti_sysbios_knl_Task_defaultStackSize__C 
*          0    000004f8    00000004     
                  000004f8    00000004     app_ble_uartlog_pem3.oem3 (.const:ti_sysbios_knl_Task_defaultStackSize__C)

.const:ti_sysbios_knl_Task_numConstructedTasks__C 
*          0    000004fc    00000004     
                  000004fc    00000004     app_ble_uartlog_pem3.oem3 (.const:ti_sysbios_knl_Task_numConstructedTasks__C)

.text.3    0    00000500    00000002     
                  00000500    00000002     ble_user_config.obj (.text:DefaultAssertCback)

.const:ti_sysbios_family_arm_cc26xx_Timer_Module__id__C 
*          0    00000502    00000002     
                  00000502    00000002     app_ble_uartlog_pem3.oem3 (.const:ti_sysbios_family_arm_cc26xx_Timer_Module__id__C)

.const:ti_sysbios_family_arm_cc26xx_TimestampProvider_useClockTimer__C 
*          0    00000504    00000002     
                  00000504    00000002     app_ble_uartlog_pem3.oem3 (.const:ti_sysbios_family_arm_cc26xx_TimestampProvider_useClockTimer__C)

.const:ti_sysbios_family_arm_m3_Hwi_Module__id__C 
*          0    00000506    00000002     
                  00000506    00000002     app_ble_uartlog_pem3.oem3 (.const:ti_sysbios_family_arm_m3_Hwi_Module__id__C)

.const:ti_sysbios_gates_GateHwi_Module__id__C 
*          0    00000508    00000002     
                  00000508    00000002     app_ble_uartlog_pem3.oem3 (.const:ti_sysbios_gates_GateHwi_Module__id__C)

.const:ti_sysbios_gates_GateMutex_Module__id__C 
*          0    0000050a    00000002     
                  0000050a    00000002     app_ble_uartlog_pem3.oem3 (.const:ti_sysbios_gates_GateMutex_Module__id__C)

.const:ti_sysbios_heaps_HeapMem_Module__id__C 
*          0    0000050c    00000002     
                  0000050c    00000002     app_ble_uartlog_pem3.oem3 (.const:ti_sysbios_heaps_HeapMem_Module__id__C)

.const:ti_sysbios_knl_Task_initStackFlag__C 
*          0    0000050e    00000002     
                  0000050e    00000002     app_ble_uartlog_pem3.oem3 (.const:ti_sysbios_knl_Task_initStackFlag__C)

.const:ti_sysbios_knl_Clock_tickMode__C 
*          0    00000510    00000001     
                  00000510    00000001     app_ble_uartlog_pem3.oem3 (.const:ti_sysbios_knl_Clock_tickMode__C)

.const:xdc_runtime_Startup_firstFxns__C 
*          0    00000514    00000008     
                  00000514    00000008     app_ble_uartlog_pem3.oem3 (.const:xdc_runtime_Startup_firstFxns__C)

.const:xdc_runtime_Startup_lastFxns__C 
*          0    0000051c    00000008     
                  0000051c    00000008     app_ble_uartlog_pem3.oem3 (.const:xdc_runtime_Startup_lastFxns__C)

.const:xdc_runtime_Assert_E_assertFailed__C 
*          0    00000524    00000004     
                  00000524    00000004     app_ble_uartlog_pem3.oem3 (.const:xdc_runtime_Assert_E_assertFailed__C)

.const:xdc_runtime_Error_E_memory__C 
*          0    00000528    00000004     
                  00000528    00000004     app_ble_uartlog_pem3.oem3 (.const:xdc_runtime_Error_E_memory__C)

.const:xdc_runtime_Error_policyFxn__C 
*          0    0000052c    00000004     
                  0000052c    00000004     app_ble_uartlog_pem3.oem3 (.const:xdc_runtime_Error_policyFxn__C)

.const:xdc_runtime_IGateProvider_Interface__BASE__C 
*          0    00000530    00000004     
                  00000530    00000004     app_ble_uartlog_pem3.oem3 (.const:xdc_runtime_IGateProvider_Interface__BASE__C)

.const:xdc_runtime_IHeap_Interface__BASE__C 
*          0    00000534    00000004     
                  00000534    00000004     app_ble_uartlog_pem3.oem3 (.const:xdc_runtime_IHeap_Interface__BASE__C)

.const:xdc_runtime_IModule_Interface__BASE__C 
*          0    00000538    00000004     
                  00000538    00000004     app_ble_uartlog_pem3.oem3 (.const:xdc_runtime_IModule_Interface__BASE__C)

.const:xdc_runtime_Main_Module__diagsEnabled__C 
*          0    0000053c    00000004     
                  0000053c    00000004     app_ble_uartlog_pem3.oem3 (.const:xdc_runtime_Main_Module__diagsEnabled__C)

.const:xdc_runtime_Main_Module__diagsIncluded__C 
*          0    00000540    00000004     
                  00000540    00000004     app_ble_uartlog_pem3.oem3 (.const:xdc_runtime_Main_Module__diagsIncluded__C)

.const:xdc_runtime_Main_Module__diagsMask__C 
*          0    00000544    00000004     
                  00000544    00000004     app_ble_uartlog_pem3.oem3 (.const:xdc_runtime_Main_Module__diagsMask__C)

.const:xdc_runtime_Memory_defaultHeapInstance__C 
*          0    00000548    00000004     
                  00000548    00000004     app_ble_uartlog_pem3.oem3 (.const:xdc_runtime_Memory_defaultHeapInstance__C)

.const:xdc_runtime_Startup_execImpl__C 
*          0    0000054c    00000004     
                  0000054c    00000004     app_ble_uartlog_pem3.oem3 (.const:xdc_runtime_Startup_execImpl__C)

.const:xdc_runtime_Startup_maxPasses__C 
*          0    00000550    00000004     
                  00000550    00000004     app_ble_uartlog_pem3.oem3 (.const:xdc_runtime_Startup_maxPasses__C)

.const:xdc_runtime_Startup_sfxnRts__C 
*          0    00000554    00000004     
                  00000554    00000004     app_ble_uartlog_pem3.oem3 (.const:xdc_runtime_Startup_sfxnRts__C)

.const:xdc_runtime_Startup_sfxnTab__C 
*          0    00000558    00000004     
                  00000558    00000004     app_ble_uartlog_pem3.oem3 (.const:xdc_runtime_Startup_sfxnTab__C)

.const:xdc_runtime_Startup_startModsFxn__C 
*          0    0000055c    00000004     
                  0000055c    00000004     app_ble_uartlog_pem3.oem3 (.const:xdc_runtime_Startup_startModsFxn__C)

.const:xdc_runtime_SysCallback_abortFxn__C 
*          0    00000560    00000004     
                  00000560    00000004     app_ble_uartlog_pem3.oem3 (.const:xdc_runtime_SysCallback_abortFxn__C)

.const:xdc_runtime_SysCallback_exitFxn__C 
*          0    00000564    00000004     
                  00000564    00000004     app_ble_uartlog_pem3.oem3 (.const:xdc_runtime_SysCallback_exitFxn__C)

.const:xdc_runtime_System_abortFxn__C 
*          0    00000568    00000004     
                  00000568    00000004     app_ble_uartlog_pem3.oem3 (.const:xdc_runtime_System_abortFxn__C)

.const:xdc_runtime_System_exitFxn__C 
*          0    0000056c    00000004     
                  0000056c    00000004     app_ble_uartlog_pem3.oem3 (.const:xdc_runtime_System_exitFxn__C)

.const:xdc_runtime_System_maxAtexitHandlers__C 
*          0    00000570    00000004     
                  00000570    00000004     app_ble_uartlog_pem3.oem3 (.const:xdc_runtime_System_maxAtexitHandlers__C)

.const:xdc_runtime_Text_charTab__C 
*          0    00000574    00000004     
                  00000574    00000004     app_ble_uartlog_pem3.oem3 (.const:xdc_runtime_Text_charTab__C)

.const:xdc_runtime_Text_nameEmpty__C 
*          0    00000578    00000004     
                  00000578    00000004     app_ble_uartlog_pem3.oem3 (.const:xdc_runtime_Text_nameEmpty__C)

.const:xdc_runtime_Text_nameStatic__C 
*          0    0000057c    00000004     
                  0000057c    00000004     app_ble_uartlog_pem3.oem3 (.const:xdc_runtime_Text_nameStatic__C)

.const:xdc_runtime_Text_nameUnknown__C 
*          0    00000580    00000004     
                  00000580    00000004     app_ble_uartlog_pem3.oem3 (.const:xdc_runtime_Text_nameUnknown__C)

.const:xdc_runtime_Main_Module__id__C 
*          0    00000584    00000002     
                  00000584    00000002     app_ble_uartlog_pem3.oem3 (.const:xdc_runtime_Main_Module__id__C)

.const:xdc_runtime_Memory_Module__id__C 
*          0    00000586    00000002     
                  00000586    00000002     app_ble_uartlog_pem3.oem3 (.const:xdc_runtime_Memory_Module__id__C)

.const:xdc_runtime_Text_charCnt__C 
*          0    00000588    00000002     
                  00000588    00000002     app_ble_uartlog_pem3.oem3 (.const:xdc_runtime_Text_charCnt__C)

.const:xdc_runtime_Text_isLoaded__C 
*          0    0000058a    00000002     
                  0000058a    00000002     app_ble_uartlog_pem3.oem3 (.const:xdc_runtime_Text_isLoaded__C)

.const:xdc_runtime_Error_policy__C 
*          0    0000058c    00000001     
                  0000058c    00000001     app_ble_uartlog_pem3.oem3 (.const:xdc_runtime_Error_policy__C)

.const:ti_sysbios_rom_ROM_AONRTCChannelEnable 
*          0    00000590    00000004     
                  00000590    00000004     app_ble_uartlog_pem3.oem3 (.const:ti_sysbios_rom_ROM_AONRTCChannelEnable)

.const:ti_sysbios_rom_ROM_AONRTCCompareValueSet 
*          0    00000594    00000004     
                  00000594    00000004     app_ble_uartlog_pem3.oem3 (.const:ti_sysbios_rom_ROM_AONRTCCompareValueSet)

.const:ti_sysbios_rom_ROM_AONRTCCurrentCompareValueGet 
*          0    00000598    00000004     
                  00000598    00000004     app_ble_uartlog_pem3.oem3 (.const:ti_sysbios_rom_ROM_AONRTCCurrentCompareValueGet)

.const:ti_sysbios_rom_ROM_AONRTCEventClear 
*          0    0000059c    00000004     
                  0000059c    00000004     app_ble_uartlog_pem3.oem3 (.const:ti_sysbios_rom_ROM_AONRTCEventClear)

.const:ti_sysbios_rom_ROM_ti_sysbios_family_arm_cc26xx_Timer_getCount64__E 
*          0    000005a0    00000004     
                  000005a0    00000004     app_ble_uartlog_pem3.oem3 (.const:ti_sysbios_rom_ROM_ti_sysbios_family_arm_cc26xx_Timer_getCount64__E)

.const:ti_sysbios_rom_ROM_ti_sysbios_family_arm_cc26xx_Timer_getCurrentTick__E 
*          0    000005a4    00000004     
                  000005a4    00000004     app_ble_uartlog_pem3.oem3 (.const:ti_sysbios_rom_ROM_ti_sysbios_family_arm_cc26xx_Timer_getCurrentTick__E)

.const:ti_sysbios_rom_ROM_ti_sysbios_family_arm_cc26xx_Timer_getMaxTicks__E 
*          0    000005a8    00000004     
                  000005a8    00000004     app_ble_uartlog_pem3.oem3 (.const:ti_sysbios_rom_ROM_ti_sysbios_family_arm_cc26xx_Timer_getMaxTicks__E)

.const:ti_sysbios_rom_ROM_ti_sysbios_family_arm_cc26xx_Timer_initDevice__I 
*          0    000005ac    00000004     
                  000005ac    00000004     app_ble_uartlog_pem3.oem3 (.const:ti_sysbios_rom_ROM_ti_sysbios_family_arm_cc26xx_Timer_initDevice__I)

.const:ti_sysbios_rom_ROM_ti_sysbios_family_arm_cc26xx_Timer_setNextTick__E 
*          0    000005b0    00000004     
                  000005b0    00000004     app_ble_uartlog_pem3.oem3 (.const:ti_sysbios_rom_ROM_ti_sysbios_family_arm_cc26xx_Timer_setNextTick__E)

.const:ti_sysbios_rom_ROM_ti_sysbios_family_arm_cc26xx_Timer_setThreshold__I 
*          0    000005b4    00000004     
                  000005b4    00000004     app_ble_uartlog_pem3.oem3 (.const:ti_sysbios_rom_ROM_ti_sysbios_family_arm_cc26xx_Timer_setThreshold__I)

.const:ti_sysbios_rom_ROM_ti_sysbios_family_arm_cc26xx_Timer_start__E 
*          0    000005b8    00000004     
                  000005b8    00000004     app_ble_uartlog_pem3.oem3 (.const:ti_sysbios_rom_ROM_ti_sysbios_family_arm_cc26xx_Timer_start__E)

.const:ti_sysbios_rom_ROM_ti_sysbios_family_arm_cc26xx_TimestampProvider_get32__E 
*          0    000005bc    00000004     
                  000005bc    00000004     app_ble_uartlog_pem3.oem3 (.const:ti_sysbios_rom_ROM_ti_sysbios_family_arm_cc26xx_TimestampProvider_get32__E)

.const:ti_sysbios_rom_ROM_xdc_runtime_Startup_getState__I 
*          0    000005c0    00000004     
                  000005c0    00000004     app_ble_uartlog_pem3.oem3 (.const:ti_sysbios_rom_ROM_xdc_runtime_Startup_getState__I)

.const:ti_sysbios_rom_ROM_xdc_runtime_System_SupportProxy_abort__E 
*          0    000005c4    00000004     
                  000005c4    00000004     app_ble_uartlog_pem3.oem3 (.const:ti_sysbios_rom_ROM_xdc_runtime_System_SupportProxy_abort__E)

.const:ti_sysbios_rom_ROM_xdc_runtime_System_SupportProxy_exit__E 
*          0    000005c8    00000004     
                  000005c8    00000004     app_ble_uartlog_pem3.oem3 (.const:ti_sysbios_rom_ROM_xdc_runtime_System_SupportProxy_exit__E)

.const:ti_sysbios_gates_GateMutex_Instance_State_sem__O 
*          0    000005cc    00000004     
                  000005cc    00000004     app_ble_uartlog_pem3.oem3 (.const:ti_sysbios_gates_GateMutex_Instance_State_sem__O)

.const:ti_sysbios_knl_Clock_Module_State_clockQ__O 
*          0    000005d0    00000004     
                  000005d0    00000004     app_ble_uartlog_pem3.oem3 (.const:ti_sysbios_knl_Clock_Module_State_clockQ__O)

.const:ti_sysbios_knl_Mailbox_Instance_State_dataQue__O 
*          0    000005d4    00000004     
                  000005d4    00000004     app_ble_uartlog_pem3.oem3 (.const:ti_sysbios_knl_Mailbox_Instance_State_dataQue__O)

.const:ti_sysbios_knl_Mailbox_Instance_State_dataSem__O 
*          0    000005d8    00000004     
                  000005d8    00000004     app_ble_uartlog_pem3.oem3 (.const:ti_sysbios_knl_Mailbox_Instance_State_dataSem__O)

.const:ti_sysbios_knl_Mailbox_Instance_State_freeQue__O 
*          0    000005dc    00000004     
                  000005dc    00000004     app_ble_uartlog_pem3.oem3 (.const:ti_sysbios_knl_Mailbox_Instance_State_freeQue__O)

.const:ti_sysbios_knl_Mailbox_Instance_State_freeSem__O 
*          0    000005e0    00000004     
                  000005e0    00000004     app_ble_uartlog_pem3.oem3 (.const:ti_sysbios_knl_Mailbox_Instance_State_freeSem__O)

.const:ti_sysbios_knl_Semaphore_Instance_State_pendQ__O 
*          0    000005e4    00000004     
                  000005e4    00000004     app_ble_uartlog_pem3.oem3 (.const:ti_sysbios_knl_Semaphore_Instance_State_pendQ__O)

.const:ti_sysbios_knl_Task_Module_State_inactiveQ__O 
*          0    000005e8    00000004     
                  000005e8    00000004     app_ble_uartlog_pem3.oem3 (.const:ti_sysbios_knl_Task_Module_State_inactiveQ__O)

.text.4    0    000005ec    0000c8c8     
                  000005ec    00000e18     project_zero.obj (.text:ProjectZero_taskFxn$4)
                  00001404    000008f4     project_zero.obj (.text:ProjectZero_init$4)
                  00001cf8    000005d8     peripheral.obj (.text:gapRole_taskFxn$20)
                  000022d0    00000450     driverlib.lib : setup.obj (.text:TrimAfterColdResetWakeupFromShutDown$33)
                  00002720    00000430     SensorTask.obj (.text:Sensor_taskFxn)
                  00002b50    000003f8     data_service.obj (.text:Data_Service_WriteAttrCB$15)
                  00002f48    0000037c     rf_singleMode_cc26xxware.aem3 : RFCC26XX_singleMode.oem3 (.text:fsmActiveState)
                  000032c4    00000344     data_service.obj (.text:DataService_SetParameter)
                  00003608    0000033c     rom_sysbios.aem3 : rom_sysbios.obj (.text:xdc_runtime_System_doPrint__I)
                  00003944    0000032c     button_service.obj (.text:ButtonService_SetParameter)
                  00003c70    00000310     led_service.obj (.text:LED_Service_WriteAttrCB$19)
                  00003f80    000002d0     sjk_service.obj (.text:Sjk_Service_ReadAttrCB$21)
                  00004250    000002c0     project_zero.obj (.text:user_processGapStateChangeEvt$4)
                  00004510    00000248     peripheral.obj (.text:GAPRole_SetParameter)
                  00004758    00000240     button_service.obj (.text:Button_Service_ReadAttrCB$14)
                  00004998    0000023c     data_service.obj (.text:Data_Service_ReadAttrCB$15)
                  00004bd4    0000023c     led_service.obj (.text:LED_Service_ReadAttrCB$19)
                  00004e10    00000228     drivers_cc26xxware.aem3 : PowerCC26XX.oem3 (.text:Power_sleep)
                  00005038    00000204     driverlib.lib : sys_ctrl.obj (.text:NOROM_SysCtrlSetRechargeBeforePowerDown)
                  0000523c    000001f4     rtsv7M3_T_le_eabi.lib : ull_div_t2.obj (.text)
                  00005430    000001d0     button_service.obj (.text:Button_Service_WriteAttrCB$14)
                  00005600    000001d0     drivers_cc26xxware.aem3 : PowerCC26XX_calibrateRCOSC.oem3 (.text:calibrateRcoscHf1)
                  000057d0    000001cc     sjk_service.obj (.text:Sjk_Service_WriteAttrCB$21)
                  0000599c    000001cc     rf_singleMode_cc26xxware.aem3 : RFCC26XX_singleMode.oem3 (.text:abortCmd)
                  00005b68    000001c4     drivers_cc26xxware.aem3 : PINCC26XX.oem3 (.text:PIN_init)
                  00005d2c    000001b0     rf_singleMode_cc26xxware.aem3 : RFCC26XX_singleMode.oem3 (.text:RF_postCmd)
                  00005edc    000001b0     uart_logs.obj (.text:uartLog_flush)
                  0000608c    000001a0     project_zero.obj (.text:user_gapBondMgr_pairStateCB$4)
                  0000622c    00000190     drivers_cc26xxware.aem3 : UARTCC26XX.oem3 (.text:UARTCC26XX_open)
                  000063bc    00000184                             : PowerCC26XX_calibrateRCOSC.oem3 (.text:PowerCC26XX_doCalibrate)
                  00006540    00000180     project_zero.obj (.text:ProjectZero_freeAttRsp$4)
                  000066c0    00000148     driverlib.lib : setup.obj (.text:NOROM_SetupTrimDevice)
                  00006808    00000128     rf_singleMode_cc26xxware.aem3 : RFCC26XX_singleMode.oem3 (.text:rf_init)
                  00006930    00000120     peripheral.obj (.text:GAPRole_GetParameter)
                  00006a50    0000011c     drivers_cc26xxware.aem3 : PowerCC26XX.oem3 (.text:Power_init)
                  00006b6c    00000118     rf_singleMode_cc26xxware.aem3 : RFCC26XX_singleMode.oem3 (.text:fsmSetupState)
                  00006c84    00000118                                   : RFCC26XX_singleMode.oem3 (.text:hwiFxnCpe0Active)
                  00006d9c    00000110     sensortag_mov.obj (.text:SensorTagMov_processInterrupt)
                  00006eac    00000106     icall.obj (.text:ICall_primWaitMatch$10)
                  00006fb2    00000002     driverlib.lib : rfc.obj (.text:NOROM_RFCAdi3VcoLdoVoltageMode)
                  00006fb4    000000fc     drivers_cc26xxware.aem3 : UARTCC26XX.oem3 (.text:UARTCC26XX_write)
                  000070b0    000000fc     rtsv7M3_T_le_eabi.lib : fd_mul_t2.obj (.text)
                  000071ac    000000f8     drivers_cc26xxware.aem3 : I2CCC26XX.oem3 (.text:I2CCC26XX_open)
                  000072a4    000000f8     app_ble_uartlog_pem3.oem3 (.text:xdc_runtime_System_printfExtend__I)
                  0000739c    000000f4     project_zero.obj (.text:user_service_ValueChangeCB$4)
                  00007490    000000f0     project_zero.obj (.text:user_service_CfgChangeCB$4)
                  00007580    000000ec     drivers_cc26xxware.aem3 : UARTCC26XX.oem3 (.text:UARTCC26XX_hwiIntFxn)
                  0000766c    000000e8                             : I2CCC26XX.oem3 (.text:I2CCC26XX_hwiFxn)
                  00007754    000000e4     main.obj (.text:main)
                  00007838    000000d8     rf_singleMode_cc26xxware.aem3 : RFCC26XX_singleMode.oem3 (.text:fsmPowerUpState)
                  00007910    000000d4     drivers_cc26xxware.aem3 : PowerCC26XX.oem3 (.text:Power_releaseDependency)
                  000079e4    000000d4     project_zero.obj (.text:buttonCallbackFxn$4)
                  00007ab8    000000d0     drivers_cc26xxware.aem3 : PowerCC26XX.oem3 (.text:Power_setDependency)
                  00007b88    000000c8                             : UARTCC26XX.oem3 (.text:UARTCC26XX_initHw)
                  00007c50    000000c4     rf_singleMode_cc26xxware.aem3 : RFCC26XX_singleMode.oem3 (.text:RF_open)
                  00007d14    000000c2     drivers_cc26xxware.aem3 : I2CCC26XX.oem3 (.text:I2CCC26XX_transfer)
                  00007dd6    00000002     driverlib.lib : rfc.obj (.text:NOROM_RFCRTrim)
                  00007dd8    000000bc     power_cc26xx_tirtos.aem3 : PowerCC26XX_tirtos.oem3 (.text:PowerCC26XX_standbyPolicy)
                  00007e94    000000bc     drivers_cc26xxware.aem3 : UARTCC26XX.oem3 (.text:UARTCC26XX_read)
                  00007f50    000000b8                             : PINCC26XX.oem3 (.text:PINCC26XX_setIoCfg)
                  00008008    000000b0     devinfoservice.obj (.text:devInfo_ReadAttrCB$16)
                  000080b8    000000ac     gattservapp_util.obj (.text:GATTServApp_ProcessCharCfg)
                  00008164    000000a8     rf_singleMode_cc26xxware.aem3 : RFCC26XX_singleMode.oem3 (.text:swiFxnHw)
                  0000820c    000000a0     TRNGCC26XX.obj (.text:TRNGCC26XX_getNumber)
                  000082ac    000000a0     auto_init.aem3 : auto_init.oem3 (.text)
                  0000834c    0000009e     rom_sysbios.aem3 : rom_sysbios.obj (.text:xdc_runtime_Text_putSite__E)
                  000083ea    00000002     rf_singleMode_cc26xxware.aem3 : RFCC26XX_singleMode.oem3 (.text:defaultErrCb)
                  000083ec    0000009c     SensorMpu9250.obj (.text:SensorMpu9250_enable)
                  00008488    0000009c     SensorMpu9250.obj (.text:SensorMpu9250_reset)
                  00008524    0000009c     rtsv7M3_T_le_eabi.lib : memcpy_t2.obj (.text)
                  000085c0    00000098     rom_sysbios.aem3 : rom_sysbios.obj (.text:ti_sysbios_knl_Clock_workFuncDynamic__E)
                  00008658    00000094     icall.obj (.text:ICall_primSetTimer$10)
                  000086ec    00000094     drivers_cc26xxware.aem3 : PINCC26XX.oem3 (.text:PIN_open)
                  00008780    00000094     gattservapp_util.obj (.text:gattServApp_SendNotiInd$18)
                  00008814    00000094     drivers_cc26xxware.aem3 : UARTCC26XX.oem3 (.text:writeFinishedDoCallback)
                  000088a8    00000094     rom_sysbios.aem3 : rom_sysbios.obj (.text:xdc_runtime_Text_putMod__E)
                  0000893c    00000090     drivers_cc26xxware.aem3 : I2CCC26XX.oem3 (.text:I2CCC26XX_cancel)
                  000089cc    00000090                             : PowerCC26XX.oem3 (.text:switchXOSCHFclockFunc)
                  00008a5c    0000008c                             : I2CCC26XX.oem3 (.text:I2CCC26XX_primeTransfer)
                  00008ae8    0000008c                             : UARTCC26XX.oem3 (.text:UARTCC26XX_initIO)
                  00008b74    0000008c                             : UARTCC26XX.oem3 (.text:UARTCC26XX_writeCancel)
                  00008c00    00000088     driverlib.lib : osc.obj (.text:NOROM_OSCHF_GetStartupTime)
                  00008c88    00000084     icall.obj (.text:ICall_heapMalloc)
                  00008d0c    00000084     project_zero.obj (.text:ProjectZero_createTask)
                  00008d90    00000080     rf_singleMode_cc26xxware.aem3 : RFCC26XX_singleMode.oem3 (.text:RF_pendCmd)
                  00008e10    0000007c     drivers_cc26xxware.aem3 : PowerCC26XX.oem3 (.text:disableLFClockQualifiers)
                  00008e8c    0000007c     peripheral.obj (.text:gapRole_startConnUpdate$20)
                  00008f08    0000007c     uart_logs.obj (.text:uartLog_outputFxn)
                  00008f84    0000007a     rtsv7M3_T_le_eabi.lib : memset_t2.obj (.text)
                  00008ffe    00000002     drivers_cc26xxware.aem3 : PowerCC26XX.oem3 (.text:emptyClockFunc)
                  00009000    00000078                             : UARTCC26XX.oem3 (.text:UARTCC26XX_close)
                  00009078    00000074     icall_cc2650.obj (.text:ICallPlatform_pwrUpdActivityCounter)
                  000090ec    00000074     icall.obj (.text:ICall_primSend$10)
                  00009160    00000074     drivers_cc26xxware.aem3 : PowerCC26XX_calibrateRCOSC.oem3 (.text:PowerCC26XX_auxISR)
                  000091d4    00000074     SensorI2C.obj (.text:SensorI2C_select)
                  00009248    00000074     drivers_cc26xxware.aem3 : PowerCC26XX_calibrateRCOSC.oem3 (.text:calibrateRcoscHf2)
                  000092bc    00000074     rf_singleMode_cc26xxware.aem3 : RFCC26XX_singleMode.oem3 (.text:fsmPowerDownState)
                  00009330    00000074     SensorMpu9250.obj (.text:sensorMagInit)
                  000093a4    00000074     rom_sysbios.aem3 : rom_sysbios.obj (.text:ti_sysbios_family_arm_cc26xx_Timer_start__E)
                  00009418    00000074     drivers_cc26xxware.aem3 : UARTCC26XX.oem3 (.text:writeTxFifoFlush)
                  0000948c    00000070                             : UARTCC26XX.oem3 (.text:UARTCC26XX_readCancel)
                  000094fc    0000006d     rom_sysbios.aem3 : rom_sysbios.obj (.text:xdc_runtime_System_formatNum__I)
                  00009569    00000001     --HOLE-- [fill = 0]
                  0000956a    00000002     rtsv7M3_T_le_eabi.lib : i_div0.obj (.text)
                  0000956c    0000006c     icall.obj (.text:ICall_createRemoteTasks)
                  000095d8    0000006c     drivers_cc26xxware.aem3 : PowerCC26XX.oem3 (.text:PowerCC26XX_calibrate)
                  00009644    00000068     driverlib.lib : sys_ctrl.obj (.text:NOROM_SysCtrl_DCDC_VoltageConditionalControl)
                  000096ac    00000068     rf_singleMode_cc26xxware.aem3 : RFCC26XX_singleMode.oem3 (.text:RF_getCurrentTime)
                  00009714    00000068                                   : RFCC26XX_singleMode.oem3 (.text:RF_getInfo)
                  0000977c    00000068     project_zero.obj (.text:Util_convertArrayToHexString$4)
                  000097e4    00000068     rtsv7M3_T_le_eabi.lib : copy_decompress_lzss.obj (.text:decompress:lzss)
                  0000984c    00000064     gattservapp_util.obj (.text:GATTServApp_ProcessCCCWriteReq)
                  000098b0    00000064     drivers_cc26xxware.aem3 : I2CCC26XX.oem3 (.text:I2CCC26XX_close)
                  00009914    00000064                             : I2CCC26XX.oem3 (.text:I2CCC26XX_initIO)
                  00009978    00000064     rf_singleMode_cc26xxware.aem3 : RFCC26XX_singleMode.oem3 (.text:decActiveClientCnt)
                  000099dc    00000060     icall.obj (.text:ICall_primEnroll$10)
                  00009a3c    00000060     drivers_cc26xxware.aem3 : PowerCC26XX_calibrateRCOSC.oem3 (.text:PowerCC26XX_RCOSC_clockFunc)
                  00009a9c    00000060                             : PowerCC26XX_calibrateRCOSC.oem3 (.text:updateSubSecInc)
                  00009afc    0000005c     icall.obj (.text:ICall_primThreadServes$10)
                  00009b58    0000005c     driverlib.lib : osc.obj (.text:NOROM_OSCHF_AttemptToSwitchToXosc)
                  00009bb4    0000005c                   : sys_ctrl.obj (.text:NOROM_SysCtrlAdjustRechargeAfterPowerDown)
                  00009c10    0000005c     drivers_cc26xxware.aem3 : PINCC26XX.oem3 (.text:PIN_remove)
                  00009c6c    0000005c     SensorI2C.obj (.text:SensorI2C_open)
                  00009cc8    0000005c     project_zero.obj (.text:buttonDebounceSwiFxn$4)
                  00009d24    0000005c     app_ble_uartlog_pem3.oem3 (.text:xdc_runtime_Startup_getState__I)
                  00009d80    0000005b     rom_sysbios.aem3 : rom_sysbios.obj (.text:xdc_runtime_Text_putLab__E)
                  00009ddb    00000001     --HOLE-- [fill = 0]
                  00009ddc    00000058     button_service.obj (.text:Button_Service_findCharParamId$14)
                  00009e34    00000058     data_service.obj (.text:Data_Service_findCharParamId$15)
                  00009e8c    00000058     drivers_cc26xxware.aem3 : I2CCC26XX.oem3 (.text:I2CCC26XX_swiFxn)
                  00009ee4    00000058     led_service.obj (.text:LED_Service_findCharParamId$19)
                  00009f3c    00000058     drivers_cc26xxware.aem3 : PowerCC26XX_calibrateRCOSC.oem3 (.text:PowerCC26XX_initiateCalibration)
                  00009f94    00000058     sjk_service.obj (.text:Sjk_Service_findCharParamId$21)
                  00009fec    00000058     drivers_cc26xxware.aem3 : UARTCC26XX.oem3 (.text:UARTCC26XX_control)
                  0000a044    00000058     rf_singleMode_cc26xxware.aem3 : RFCC26XX_singleMode.oem3 (.text:fsmXOSCState)
                  0000a09c    00000058     project_zero.obj (.text:user_enqueueCharDataMsg$4)
                  0000a0f4    00000054     icall.obj (.text:ICall_primFetchMsg$10)
                  0000a148    00000054     drivers_cc26xxware.aem3 : PowerCC26XX.oem3 (.text:configureXOSCHF)
                  0000a19c    00000054     rf_singleMode_cc26xxware.aem3 : RFCC26XX_singleMode.oem3 (.text:dispatchOpWhen)
                  0000a1f0    00000054                                   : RFCC26XX_singleMode.oem3 (.text:hwiFxnHw)
                  0000a244    00000054                                   : RFCC26XX_singleMode.oem3 (.text:ratChanFree)
                  0000a298    00000054     rtsv7M3_T_le_eabi.lib : exit.obj (.text)
                  0000a2ec    00000052     icall.obj (.text:ICall_primWait$10)
                  0000a33e    00000002     rom_sysbios.aem3 : rom_sysbios.obj (.text:ti_sysbios_BIOS_linkedWithIncorrectBootLibrary__E)
                  0000a340    00000050     icall_api.obj (.text:GAP_UpdateAdvertisingData)
                  0000a390    00000050     icall.obj (.text:ICall_primRegisterApp$10)
                  0000a3e0    00000050     util.obj (.text:Util_constructClock)
                  0000a430    00000050     util.obj (.text:Util_convertBdAddr2Str)
                  0000a480    00000050     rf_singleMode_cc26xxware.aem3 : RFCC26XX_singleMode.oem3 (.text:syncCb)
                  0000a4d0    0000004c     icall.obj (.text:ICall_newTask$10)
                  0000a51c    0000004c     icall.obj (.text:ICall_primGetEntityId$10)
                  0000a568    0000004c     driverlib.lib : osc.obj (.text:NOROM_OSCClockSourceSet)
                  0000a5b4    0000004c     drivers_cc26xxware.aem3 : UARTCC26XX.oem3 (.text:UARTCC26XX_swiIntFxn)
                  0000a600    0000004c     rf_singleMode_cc26xxware.aem3 : RFCC26XX_singleMode.oem3 (.text:applyRfCorePatch)
                  0000a64c    0000004c     icall_api.obj (.text:gattIndNoti$13)
                  0000a698    0000004c     rtsv7M3_T_le_eabi.lib : cpy_tbl.obj (.text)
                  0000a6e4    0000004c     drivers_cc26xxware.aem3 : UARTCC26XX.oem3 (.text:startTxFifoEmptyClk)
                  0000a730    0000004c     rom_sysbios.aem3 : rom_sysbios.obj (.text:xdc_runtime_Text_visitRope2__I)
                  0000a77c    00000048     peripheral.obj (.text:GAPRole_TerminateConnection)
                  0000a7c4    00000048     drivers_cc26xxware.aem3 : I2CCC26XX.oem3 (.text:I2CCC26XX_initHw)
                  0000a80c    00000048     driverlib.lib : chipinfo.obj (.text:NOROM_ChipInfo_GetChipFamily)
                  0000a854    00000048                   : ddi.obj (.text:NOROM_DDI16BitfieldWrite)
                  0000a89c    00000048     drivers_cc26xxware.aem3 : PINCC26XX.oem3 (.text:PIN_setOutputEnable)
                  0000a8e4    00000048                             : PINCC26XX.oem3 (.text:PIN_swi)
                  0000a92c    00000048     rf_singleMode_cc26xxware.aem3 : RFCC26XX_singleMode.oem3 (.text:RF_getRssi)
                  0000a974    00000048                                   : RFCC26XX_singleMode.oem3 (.text:RF_runCmd)
                  0000a9bc    00000048     drivers_cc26xxware.aem3 : PowerCC26XX.oem3 (.text:notify)
                  0000aa04    00000048     rtsv7M3_T_le_eabi.lib : fd_toi_t2.obj (.text)
                  0000aa4c    00000044     main.obj (.text:AssertHandler)
                  0000aa90    00000044     boot.aem3 : boot.oem3 (.text)
                  0000aad4    00000044     icall_api.obj (.text:gapSendParamAndPtrCmd$13)
                  0000ab18    00000044     project_zero.obj (.text:user_enqueueRawAppMsg)
                  0000ab5c    00000044     rom_sysbios.aem3 : rom_sysbios.obj (.text:xdc_runtime_LoggerCallback_write8__E)
                  0000aba0    00000044                      : rom_sysbios.obj (.text:xdc_runtime_Text_xprintf__I)
                  0000abe4    00000042     icall.obj (.text:ICall_primCreateTask$10)
                  0000ac26    00000002     app_ble_uartlog_pem3.oem3 (.text:ti_sysbios_BIOS_nullFunc__I)
                  0000ac28    00000040     peripheral.obj (.text:GAPRole_createTask)
                  0000ac68    00000040     driverlib.lib : ddi.obj (.text:NOROM_DDI16BitfieldRead)
                  0000aca8    00000040     SensorMpu9250.obj (.text:SensorMpu9250_accSetRange)
                  0000ace8    00000040     rtsv7M3_T_le_eabi.lib : u_divt2.obj (.text)
                  0000ad28    00000040     SensorMpu9250.obj (.text:sensorMpu9250SetBypass$1)
                  0000ad68    00000040     rom_sysbios.aem3 : rom_sysbios.obj (.text:xdc_runtime_LoggerCallback_Module_startup__E)
                  0000ada8    0000003e     icall_api.obj (.text:hciSendParamsCmd$13)
                  0000ade6    00000002     rom_sysbios.aem3 : rom_sysbios.obj (.text:ti_sysbios_knl_Clock_triggerFunc__I)
                  0000ade8    0000003c     icall_api.obj (.text:GAP_GetParamValue)
                  0000ae24    0000003c     icall_api.obj (.text:GATTServApp_RegisterService)
                  0000ae60    0000003c     icall_cc2650.obj (.text:ICallPlatform_pwrConfigACAction)
                  0000ae9c    0000003c     icall.obj (.text:ICall_primFetchServiceMsg$10)
                  0000aed8    0000003c     driverlib.lib : osc.obj (.text:NOROM_OSC_HPOSCRelativeFrequencyOffsetGet)
                  0000af14    0000003c                   : rfc.obj (.text:NOROM_RFCSynthPowerDown)
                  0000af50    0000003c     drivers_cc26xxware.aem3 : PINCC26XX.oem3 (.text:PIN_setOutputValue)
                  0000af8c    0000003c     SensorI2C.obj (.text:SensorI2C_writeRead)
                  0000afc8    0000003c     rf_singleMode_cc26xxware.aem3 : RFCC26XX_singleMode.oem3 (.text:postDirImmCmd)
                  0000b004    0000003c     icall_api.obj (.text:profileSetParameter$13)
                  0000b040    0000003c     icall_api.obj (.text:sendWaitMatchCS$13)
                  0000b07c    0000003c     icall_api.obj (.text:sendWaitMatchValueCS$13)
                  0000b0b8    00000038     drivers_cc26xxware.aem3 : I2C.oem3 (.text:I2C_init)
                  0000b0f0    00000038     icall.obj (.text:ICall_primGetMaxMSecs$10)
                  0000b128    00000038     drivers_cc26xxware.aem3 : PINCC26XX.oem3 (.text:PIN_setInterrupt)
                  0000b160    00000038     SensorI2C.obj (.text:SensorI2C_write)
                  0000b198    00000038     SensorMpu9250.obj (.text:SensorMpu9250_irqStatus)
                  0000b1d0    00000038     drivers_cc26xxware.aem3 : UART.oem3 (.text:UART_init)
                  0000b208    00000038     util.obj (.text:Util_restartClock)
                  0000b240    00000038     drivers_cc26xxware.aem3 : UARTCC26XX.oem3 (.text:readData)
                  0000b278    00000038     SensorMpu9250.obj (.text:sensorMpuSleep$1)
                  0000b2b0    00000038     rom_sysbios.aem3 : rom_sysbios.obj (.text:ti_sysbios_family_arm_cc26xx_Timer_getCurrentTick__E)
                  0000b2e8    00000038     drivers_cc26xxware.aem3 : UARTCC26XX.oem3 (.text:writeData)
                  0000b320    00000036     rf_singleMode_cc26xxware.aem3 : RFCC26XX_singleMode.oem3 (.text:updateImplicitState)
                  0000b356    00000036     icall_api.obj (.text:waitMatchCS$13)
                  0000b38c    00000034     icall_api.obj (.text:GAPBondMgr_SetParameter)
                  0000b3c0    00000034     icall_api.obj (.text:GAP_SetParamValue)
                  0000b3f4    00000034     icall.obj (.text:ICall_dispatch$10)
                  0000b428    00000034     icall.obj (.text:ICall_primEntityId2ServiceId$10)
                  0000b45c    00000034     icall.obj (.text:ICall_primRegisterISR$10)
                  0000b490    00000008     (.tramp.ti_sysbios_hal_Hwi_create.1)
                  0000b498    00000034     icall.obj (.text:ICall_primRegisterISR_Ext$10)
                  0000b4cc    00000034     icall.obj (.text:ICall_searchServiceEntity)
                  0000b500    00000034     driverlib.lib : ddi.obj (.text:NOROM_DDI32RegWrite)
                  0000b534    00000034                   : osc.obj (.text:NOROM_OSCHF_SwitchToRcOscTurnOffXosc)
                  0000b568    00000034     drivers_cc26xxware.aem3 : PINCC26XX.oem3 (.text:PIN_setConfig)
                  0000b59c    00000034                             : PowerCC26XX.oem3 (.text:PowerCC26XX_isStableXOSC_HF)
                  0000b5d0    00000034     rf_singleMode_cc26xxware.aem3 : RFCC26XX_singleMode.oem3 (.text:Q_push)
                  0000b604    00000034     icall_api.obj (.text:osal_snv_read)
                  0000b638    00000034     icall_api.obj (.text:osal_snv_write)
                  0000b66c    00000034     icall_api.obj (.text:profileAddService$13)
                  0000b6a0    00000034     icall_api.obj (.text:registerTask$13)
                  0000b6d4    00000034     rom_sysbios.aem3 : rom_sysbios.obj (.text:ti_sysbios_family_arm_cc26xx_Timer_initDevice__I)
                  0000b708    00000034                      : rom_sysbios.obj (.text:xdc_runtime_LoggerCallback_write4__E)
                  0000b73c    00000032     SensorMpu9250.obj (.text:SensorMpu9250_accRead)
                  0000b76e    00000032     icall_api.obj (.text:gapSendParamsCmd$13)
                  0000b7a0    00000032     icall_api.obj (.text:gapSendPtrParamsCmd$13)
                  0000b7d2    00000032     icall_api.obj (.text:matchGapSetGetParamCS$13)
                  0000b804    00000032     icall_api.obj (.text:matchGattCmdStatus$13)
                  0000b836    00000032     icall_api.obj (.text:matchUtilNvCS$13)
                  0000b868    00000032     SensorMpu9250.obj (.text:sensorMagEnable)
                  0000b89a    00000032     rom_sysbios.aem3 : rom_sysbios.obj (.text:ti_sysbios_family_arm_cc26xx_Timer_setNextTick__E)
                  0000b8cc    00000030     drivers_cc26xxware.aem3 : I2C.oem3 (.text:I2C_open)
                  0000b8fc    00000030     icall_cc2650.obj (.text:ICallPlatform_pwrNotify$11)
                  0000b92c    00000030     icall_cc2650.obj (.text:ICallPlatform_pwrRegisterNotify)
                  0000b95c    00000030     icall.obj (.text:ICall_msecs2Ticks$10)
                  0000b98c    00000030     icall.obj (.text:ICall_searchTask$10)
                  0000b9bc    00000030     driverlib.lib : setup.obj (.text:NOROM_SetupSetAonRtcSubSecInc)
                  0000b9ec    00000030                   : trng.obj (.text:NOROM_TRNGConfigure)
                  0000ba1c    00000030     drivers_cc26xxware.aem3 : PowerCC26XX.oem3 (.text:Power_releaseConstraint)
                  0000ba4c    00000030                             : PowerCC26XX.oem3 (.text:Power_setConstraint)
                  0000ba7c    00000030     SensorMpu9250.obj (.text:SensorMpu9250_powerOn)
                  0000baac    00000030     drivers_cc26xxware.aem3 : UART.oem3 (.text:UART_open)
                  0000badc    00000030     rf_singleMode_cc26xxware.aem3 : RFCC26XX_singleMode.oem3 (.text:clkPowerUpFxn)
                  0000bb0c    00000030     app_ble_uartlog_pem3.oem3 (.text:ti_sysbios_BIOS_atExitFunc__I)
                  0000bb3c    00000008     (.tramp.ti_sysbios_BIOS_setThreadType__E.1)
                  0000bb44    00000030     app_ble_uartlog_pem3.oem3 (.text:ti_sysbios_BIOS_startFunc__I)
                  0000bb74    00000008     (.tramp.xdc_runtime_System_atexit__E.1)
                  0000bb7c    00000008     (.tramp.ti_sysbios_family_arm_cc26xx_Timer_startup__E.1)
                  0000bb84    00000008     (.tramp.ti_sysbios_hal_Hwi_startup__E.1)
                  0000bb8c    00000008     (.tramp.ti_sysbios_knl_Swi_startup__E.1)
                  0000bb94    00000008     (.tramp.ti_sysbios_knl_Task_startup__E.1)
                  0000bb9c    00000030     rom_sysbios.aem3 : rom_sysbios.obj (.text:ti_sysbios_family_arm_cc26xx_Timer_setThreshold__I)
                  0000bbcc    00000030     app_ble_uartlog_pem3.oem3 (.text:xdc_runtime_LoggerCallback_Object__create__S)
                  0000bbfc    00000008     (.tramp.xdc_runtime_Core_createObject__I.1)
                  0000bc04    0000002f     rom_sysbios.aem3 : rom_sysbios.obj (.text:xdc_runtime_Text_printVisFxn__I)
                  0000bc33    00000001     --HOLE-- [fill = 0]
                  0000bc34    0000002e     icall_cc2650.obj (.text:ICallPlatform_pwrDispenseImpl$11)
                  0000bc62    0000002e     icall_cc2650.obj (.text:ICallPlatform_pwrRequireImpl$11)
                  0000bc90    0000002c     icall_api.obj (.text:HCI_EXT_ConnEventNoticeCmd)
                  0000bcbc    0000002c     icall.obj (.text:ICall_heapFree)
                  0000bce8    0000002c     button_service.obj (.text:ICall_malloc$14)
                  0000bd14    0000002c     icall.obj (.text:ICall_msgEnqueue$10)
                  0000bd40    0000002c     icall.obj (.text:ICall_primAllocMsg$10)
                  0000bd6c    0000002c     icall_api.obj (.text:ICall_sendServiceMsg$13)
                  0000bd98    0000002c     drivers_cc26xxware.aem3 : PINCC26XX.oem3 (.text:PINCC26XX_setMux)
                  0000bdc4    0000002c     SensorI2C.obj (.text:SensorI2C_writeReg)
                  0000bdf0    0000002c     rf_singleMode_cc26xxware.aem3 : RFCC26XX_singleMode.oem3 (.text:getCmd)
                  0000be1c    0000002c     icall_api.obj (.text:matchProfileAddServiceCS$13)
                  0000be48    0000002c     rom_sysbios.aem3 : rom_sysbios.obj (.text:ti_sysbios_knl_Clock_getTicksUntilInterrupt__E)
                  0000be74    0000002c                      : rom_sysbios.obj (.text:xdc_runtime_LoggerCallback_write2__E)
                  0000bea0    0000002a     icall_api.obj (.text:ICall_waitMatch$13)
                  0000beca    0000002a     icall_api.obj (.text:matchProfileCS$13)
                  0000bef4    0000002a     rom_sysbios.aem3 : rom_sysbios.obj (.text:xdc_runtime_System_putchar__I)
                  0000bf1e    00000002     app_ble_uartlog_pem3.oem3 (.text:ti_sysbios_rom_cortexm_cc26xx_CC26xx_badRomRevision__E)
                  0000bf20    00000028     driverlib.lib : aon_batmon.obj (.text:NOROM_AONBatMonTemperatureGetDegC)
                  0000bf48    00000028                   : rfc.obj (.text:NOROM_RFCDoorbellSendTo)
                  0000bf70    00000028     drivers_cc26xxware.aem3 : PowerCC26XX.oem3 (.text:PowerCC26XX_switchXOSC_HF)
                  0000bf98    00000028                             : PowerCC26XX.oem3 (.text:Power_registerNotify)
                  0000bfc0    00000028     driverlib.lib : adi.obj (.text:SafeHapiVoid)
                  0000bfe8    00000028     TRNGCC26XX.obj (.text:TRNGCC26XX_init)
                  0000c010    00000028     rom_sysbios.aem3 : rom_sysbios.obj (.text:xdc_runtime_LoggerCallback_write0__E)
                  0000c038    00000028                      : rom_sysbios.obj (.text:xdc_runtime_LoggerCallback_write1__E)
                  0000c060    00000026     drivers_cc26xxware.aem3 : List.oem3 (.text:List_put)
                  0000c086    00000024     icall_api.obj (.text:ICall_getLocalMsgEntityId$13)
                  0000c0aa    00000002     rom_sysbios.aem3 : rom_sysbios.obj (.text:xdc_runtime_SysCallback_defaultAbort)
                  0000c0ac    00000024     drivers_cc26xxware.aem3 : PINCC26XX.oem3 (.text:PINCC26XX_getPinCount)
                  0000c0d0    00000024                             : PowerCC26XX_calibrateRCOSC.oem3 (.text:getTdcSemaphore)
                  0000c0f4    00000024     rf_singleMode_cc26xxware.aem3 : RFCC26XX_singleMode.oem3 (.text:hwiFxnCpe0PowerFsm)
                  0000c118    00000024     rtsv7M3_T_le_eabi.lib : memcmp.obj (.text)
                  0000c13c    00000024     app_ble_uartlog_pem3.oem3 (.text:ti_sysbios_BIOS_registerRTSLock__I)
                  0000c160    00000024     app_ble_uartlog_pem3.oem3 (.text:ti_sysbios_BIOS_removeRTSLock__I)
                  0000c184    00000024     rom_sysbios.aem3 : rom_sysbios.obj (.text:ti_sysbios_family_arm_cc26xx_Timer_getMaxTicks__E)
                  0000c1a8    00000020     gattservapp_util.obj (.text:GATTServApp_InitCharCfg)
                  0000c1c8    00000020     icall_api.obj (.text:ICall_allocMsg$13)
                  0000c1e8    00000020     icall_api.obj (.text:ICall_getEntityId$13)
                  0000c208    00000020     project_zero.obj (.text:ICall_malloc$4)
                  0000c228    00000020     icall.obj (.text:ICall_primService$10)
                  0000c248    00000020     driverlib.lib : rfc.obj (.text:NOROM_RFCRfTrimRead)
                  0000c268    00000020     drivers_cc26xxware.aem3 : PowerCC26XX.oem3 (.text:Power_unregisterNotify)
                  0000c288    00000020     rf_singleMode_cc26xxware.aem3 : RFCC26XX_singleMode.oem3 (.text:allocCmd)
                  0000c2a8    00000020     gattservapp_util.obj (.text:gattServApp_FindCharCfgItem$18)
                  0000c2c8    00000020     rtsv7M3_T_le_eabi.lib : u_tofd_t2.obj (.text)
                  0000c2e8    00000020     app_ble_uartlog_pem3.oem3 (.text:ti_sysbios_BIOS_rtsLock__I)
                  0000c308    00000008     (.tramp.ti_sysbios_BIOS_RtsGateProxy_enter__E.1)
                  0000c310    00000020     rom_sysbios.aem3 : rom_sysbios.obj (.text:ti_sysbios_family_arm_cc26xx_Timer_dynamicStub__E)
                  0000c330    00000020                      : rom_sysbios.obj (.text:ti_sysbios_knl_Clock_stop__E)
                  0000c350    00000020                      : rom_sysbios.obj (.text:xdc_runtime_Registry_findById__E)
                  0000c370    0000001e     icall.obj (.text:ICall_primSendServiceMsg$10)
                  0000c38e    0000001e     drivers_cc26xxware.aem3 : PINCC26XX.oem3 (.text:PIN_close)
                  0000c3ac    0000001e                             : PowerCC26XX.oem3 (.text:Power_getTransitionLatency)
                  0000c3ca    0000001e     icall_api.obj (.text:matchHciCS$13)
                  0000c3e8    0000001e     project_zero.obj (.text:user_gapBondMgr_passcodeCB$4)
                  0000c406    00000002     rom_sysbios.aem3 : rom_sysbios.obj (.text:xdc_runtime_SysCallback_defaultExit)
                  0000c408    0000001c     driverlib.lib : osc.obj (.text:NOROM_OSCClockSourceGet)
                  0000c424    0000001c     drivers_cc26xxware.aem3 : PINCC26XX.oem3 (.text:PINCC26XX_setIoCfgMux)
                  0000c440    0000001c                             : PINCC26XX.oem3 (.text:PIN_hwi)
                  0000c45c    0000001c     TRNGCC26XX.obj (.text:TRNGCC26XX_open)
                  0000c478    0000001c     icall_api.obj (.text:getStatusValueFromErrNo$13)
                  0000c494    0000001c     TRNGCC26XX.obj (.text:openTRNG)
                  0000c4b0    0000001c     rom_sysbios.aem3 : rom_sysbios.obj (.text:xdc_runtime_LoggerCallback_Instance_init__E)
                  0000c4cc    0000001a     icall.obj (.text:ICall_enterCSImpl)
                  0000c4e6    0000001a     icall.obj (.text:ICall_primSetTimerMSecs$10)
                  0000c500    0000001a     drivers_cc26xxware.aem3 : List.oem3 (.text:List_remove)
                  0000c51a    0000001a     icall_api.obj (.text:matchGattIndNotiCS$13)
                  0000c534    0000001a     rom_sysbios.aem3 : rom_sysbios_config.obj (.text:xdc_runtime_System_snprintf__E)
                  0000c54e    00000002                      : rom_sysbios.obj (.text:xdc_runtime_SysCallback_defaultPutch)
                  0000c550    00000018     icall_api.obj (.text:GATT_bm_free)
                  0000c568    00000018     icall_cc2650.obj (.text:ICallPlatform_pwrDispense)
                  0000c580    00000018     icall_cc2650.obj (.text:ICallPlatform_pwrRequire)
                  0000c598    00000018     icall_api.obj (.text:ICall_freeMsg$13)
                  0000c5b0    00000018     project_zero.obj (.text:ICall_freeMsg$4)
                  0000c5c8    00000018     icall.obj (.text:ICall_primMalloc$10)
                  0000c5e0    00000018     driverlib.lib : aon_rtc.obj (.text:NOROM_AONRTCCurrentCompareValueGet)
                  0000c5f8    00000018                   : chipinfo.obj (.text:NOROM_ChipInfo_GetPackageType)
                  0000c610    00000018                   : osc.obj (.text:NOROM_OSCHF_TurnOnXosc)
                  0000c628    00000018                   : rfc.obj (.text:NOROM_RFCCpeIntGetAndClear)
                  0000c640    00000018     drivers_cc26xxware.aem3 : PowerCC26XX.oem3 (.text:Power_idleFunc)
                  0000c658    00000018     rf_singleMode_cc26xxware.aem3 : RFCC26XX_singleMode.oem3 (.text:Q_pop)
                  0000c670    00000018                                   : RFCC26XX_singleMode.oem3 (.text:RF_runDirectCmd)
                  0000c688    00000018                                   : RFCC26XX_singleMode.oem3 (.text:RF_runImmediateCmd)
                  0000c6a0    00000018     sensortag_mov.obj (.text:SensorTagMov_clockHandler)
                  0000c6b8    00000018     drivers_cc26xxware.aem3 : UARTCC26XX.oem3 (.text:UARTCC26XX_init)
                  0000c6d0    00000018                             : PowerCC26XX.oem3 (.text:configureRFCoreClocks)
                  0000c6e8    00000018     peripheral.obj (.text:gapRole_setEvent$20)
                  0000c700    00000018     rtsv7M3_T_le_eabi.lib : args_main.obj (.text)
                  0000c718    00000018                           : ll_mul_t2.obj (.text)
                  0000c730    00000018     rf_singleMode_cc26xxware.aem3 : RFCC26XX_singleMode.oem3 (.text:swiFxnFsm)
                  0000c748    00000018     app_ble_uartlog_pem3.oem3 (.text:ti_sysbios_BIOS_rtsUnlock__I)
                  0000c760    00000008     (.tramp.ti_sysbios_BIOS_RtsGateProxy_leave__E.1)
                  0000c768    00000018     rom_sysbios.aem3 : rom_sysbios.obj (.text:ti_sysbios_knl_Swi_or__E)
                  0000c780    00000018     app_ble_uartlog_pem3.oem3 (.text:ti_sysbios_rom_cortexm_cc26xx_CC26xx_checkRevision__E)
                  0000c798    00000016     icall.obj (.text:ICall_leaveCSImpl)
                  0000c7ae    00000016     icall.obj (.text:ICall_primStopTimer$10)
                  0000c7c4    00000016     ble_user_config.obj (.text:driverTable_fnSpinlock)
                  0000c7da    00000016     app_ble_uartlog_pem3.oem3 (.text:ti_sysbios_BIOS_exitFunc__I)
                  0000c7f0    00000014     driverlib.lib : aon_rtc.obj (.text:NOROM_AONRTCCurrent64BitValueGet)
                  0000c804    00000014     drivers_cc26xxware.aem3 : PINCC26XX.oem3 (.text:PINCC26XX_getInputValue)
                  0000c818    00000014                             : PINCC26XX.oem3 (.text:PINCC26XX_getOutputValue)
                  0000c82c    00000014     rf_singleMode_cc26xxware.aem3 : RFCC26XX_singleMode.oem3 (.text:RF_Params_init)
                  0000c840    00000014     SensorMpu9250.obj (.text:SensorMpu9250_Callback$1)
                  0000c854    00000014     SensorMpu9250.obj (.text:SensorMpu9250_intrrupt_enable)
                  0000c868    00000014     SensorMpu9250.obj (.text:SensorMpu9250_powerIsOn)
                  0000c87c    00000014     SensorUtil.obj (.text:SensorUtil_convertToLe)
                  0000c890    00000014     rtsv7M3_T_le_eabi.lib : _lock.obj (.text)
                  0000c8a4    00000014                           : strlen.obj (.text)
                  0000c8b8    00000014     icall_api.obj (.text:setICallCmdEvtHdr$13)
                  0000c8cc    00000014     app_ble_uartlog_pem3.oem3 (.text:ti_sysbios_knl_Clock_doTick__I)
                  0000c8e0    00000008     (.tramp.ti_sysbios_knl_Clock_logTick__E.1)
                  0000c8e8    00000012     rf_singleMode_cc26xxware.aem3 : RFCC26XX_singleMode.oem3 (.text:RF_getCmdOp)
                  0000c8fa    00000012     app_ble_uartlog_pem3.oem3 (.text:xdc_runtime_Startup_exec__I)
                  0000c90c    00000008     (.tramp.xdc_runtime_Startup_startMods__I.1)
                  0000c914    00000010     rf_singleMode_cc26xxware.aem3 : RFCC26XX_singleMode.oem3 (.text:FsmDispatch)
                  0000c924    00000010     icall_api.obj (.text:GAP_EndDiscoverable)
                  0000c934    00000010     drivers_cc26xxware.aem3 : I2C.oem3 (.text:I2C_Params_init)
                  0000c944    00000010     icall_cc2650.obj (.text:ICallPlatform_pwrGetXOSCStartupTime)
                  0000c954    00000010     icall.obj (.text:ICall_primGetTickPeriod$10)
[...]
1001c2ed  ti_sysbios_knl_Swi_postInit__I                                            
1001c2f1  ti_sysbios_knl_Task_SupportProxy_Module__startupDone__S                   
1001c2f5  ti_sysbios_knl_Task_SupportProxy_getStackAlignment__E                     
1001c2f9  ti_sysbios_knl_Task_SupportProxy_start__E                                 
1001c2fd  ti_sysbios_knl_Task_SupportProxy_swap__E                                  
1001c301  ti_sysbios_knl_Task_delete                                                
1001c305  ti_sysbios_knl_Task_destruct                                              
1001c309  ti_sysbios_knl_Task_startup__E                                            
1001c30d  xdc_runtime_Startup_startMods__I                                          
1001c405  xdc_runtime_Core_createObject__I                                          
1001c487  xdc_runtime_Error_policySpin__E                                           
1001c489  xdc_runtime_Memory_alloc__E                                               
1001c4f9  xdc_runtime_Core_deleteObject__I                                          
1001c559  xdc_runtime_Startup_exec__E                                               
1001c5a9  xdc_runtime_Assert_raise__I                                               
1001c5f1  xdc_runtime_Core_assignParams__I                                          
1001c639  xdc_runtime_Core_constructObject__I                                       
1001c681  xdc_runtime_System_atexit__E                                              
1001c6b9  xdc_runtime_System_processAtExit__E                                       
1001c6ed  xdc_runtime_Core_assignLabel__I                                           
1001c71d  xdc_runtime_Text_cordText__E                                              
1001c749  xdc_runtime_System_abort__E                                               
1001c769  xdc_runtime_Error_raiseX__E                                               
1001c785  xdc_runtime_Memory_valloc__E                                              
1001c7a1  xdc_runtime_Core_destructObject__I                                        
1001c7b9  xdc_runtime_Error_check__E                                                
1001c7d1  xdc_runtime_System_exit__E                                                
1001c7e9  xdc_runtime_Text_ropeText__E                                              
1001c801  xdc_runtime_Memory_free__E                                                
1001c811  xdc_runtime_SysCallback_abort__E                                          
1001c821  xdc_runtime_SysCallback_exit__E                                           
1001c831  xdc_runtime_Timestamp_SupportProxy_get32__E                               
1001c831  xdc_runtime_Timestamp_get32__E                                            
1001c841  xdc_runtime_Error_init__E                                                 
1001c84d  xdc_runtime_Memory_calloc__E                                              
1001c859  xdc_runtime_Memory_getMaxDefaultTypeAlign__E                              
1001c879  xdc_runtime_Gate_leaveSystem__E                                           
1001c87f  xdc_runtime_System_Module_startup__E                                      
1001c885  xdc_runtime_Gate_enterSystem__E                                           
1001c889  xdc_runtime_Memory_HeapProxy_alloc__E                                     
1001c88d  xdc_runtime_Memory_HeapProxy_free__E                                      
1001c891  xdc_runtime_System_Module_GateProxy_enter__E                              
1001c895  xdc_runtime_System_Module_GateProxy_leave__E                              
1001c899  xdc_runtime_System_abortSpin__E                                           
1001c89b  xdc_runtime_System_exitSpin__E                                            
1001c89d  ti_sysbios_family_arm_m3_Hwi_dispatch__I                                  
1001c96d  ti_sysbios_family_arm_m3_TaskSupport_buildTaskStack                       
1001c9b9  ti_sysbios_family_arm_m3_Hwi_initStacks__E                                
1001ca01  ti_sysbios_family_arm_m3_Hwi_excHandlerAsm__I                             
1001ca21  ti_sysbios_family_xxx_Hwi_switchAndRunFunc                                
1001ca3f  ti_sysbios_family_arm_m3_Hwi_pendSV__I                                    
1001ca57  ti_sysbios_family_arm_m3_Hwi_return                                       
1001ca59  ti_sysbios_family_arm_m3_TaskSupport_glue                                 
1001ca69  ti_sysbios_family_arm_m3_TaskSupport_swap__E                              
1001ca71  ti_sysbios_knl_Task_swapReturn                                            
1001ca9b  ti_sysbios_rom_cortexm_cc26xx_CC26xx_getRevision__E                       
20000000  ti_sysbios_family_arm_m3_Hwi_ramVectors                                   
20000100  ti_sysbios_knl_Task_Module__state__V                                      
20000144  ti_sysbios_family_arm_m3_Hwi_Module__state__V                             
20000178  ti_sysbios_knl_Clock_Module__state__V                                     
200001a4  ti_sysbios_BIOS_Module__state__V                                          
200001c8  ti_sysbios_knl_Swi_Module__state__V                                       
200001e4  ti_sysbios_family_arm_cc26xx_Timer_Module__state__V                       
200001ec  ti_sysbios_family_arm_cc26xx_TimestampProvider_Module__state__V           
200001f0  xdc_runtime_Startup_Module__state__V                                      
200001f8  xdc_runtime_System_Module__state__V                                       
20000200  xdc_runtime_Memory_Module__state__V                                       
20000224  dispHandle                                                                
20000278  ledPinTable                                                               
20000284  buttonPinTable                                                            
200002c8  semSensorAlert                                                            
20000374  myTask                                                                    
200003c4  przTask                                                                   
20000414  myTaskStack                                                               
20000734  przTaskStack                                                              
20000a54  uartLog_tail                                                              
20000a55  uartLog_head                                                              
20000a56  uartLog_evBufIsEmpty                                                      
20000a58  uartLog_evtNum                                                            
20000a60  uartLog_outBuf                                                            
20000b0c  uartLog_evBuf                                                             
2000100c  linkDBNumConns                                                            
20001120  gapRoleTask                                                               
20001170  gapRoleTaskStack                                                          
2000137c  bs_SJK1ValLen                                                             
200013e8  bs_SJK1Val                                                                
20001814  PowerCC26XX_module                                                        
200019d0  ICall_dispatcher                                                          
200019d8  ICall_enterCriticalSection                                                
200019dc  ICall_leaveCriticalSection                                                
200019f4  HEAPMGR_SIZE                                                              
20001b44  rfRegTbl                                                                  
20001b94  ti_sysbios_knl_Task_Object__table__V                                      
20001be0  ti_sysbios_family_arm_cc26xx_Timer_Object__table__V                       
20001c28  ti_sysbios_gates_GateMutex_Object__table__V                               
20001c9c  gInterruptGenValue                                                        
20001cc4  ti_sysbios_knl_Swi_Module_State_0_readyQ__A                               
20001cf4  ti_sysbios_knl_Swi_Object__table__V                                       
20001d24  ti_sysbios_knl_Task_Module_State_0_readyQ__A                              
20001d54  user0Cfg                                                                  
20001d84  ti_sysbios_knl_Clock_Object__table__V                                     
20001da4  ti_sysbios_family_arm_m3_Hwi_Object__table__V                             
20001dbc  ti_sysbios_heaps_HeapMem_Object__table__V                                 
20001dd4  xdc_runtime_LoggerCallback_Object__table__V                               
20001de4  __TI_cleanup_ptr                                                          
20001de8  __TI_dtors_ptr                                                            
20001dec  __TI_enable_exit_profile_output                                           
20001df0  lastAppOpcodeSent                                                         
20001df4  pfnBMAlloc                                                                
20001df8  pfnBMFree                                                                 
20001e10  _lock                                                                     
20001e14  _unlock                                                                   
20001e18  ti_sysbios_family_arm_m3_Hwi_Module__root__V                              
20001e20  ti_sysbios_gates_GateHwi_Module__root__V                                  
20001e28  ti_sysbios_gates_GateMutex_Module__root__V                                
20001e30  ti_sysbios_hal_Hwi_Module__root__V                                        
20001e38  ti_sysbios_heaps_HeapMem_Module__root__V                                  
20001e40  ti_sysbios_knl_Clock_Module__root__V                                      
20001e48  ti_sysbios_knl_Mailbox_Module__root__V                                    
20001e50  ti_sysbios_knl_Queue_Module__root__V                                      
20001e58  ti_sysbios_knl_Semaphore_Module__root__V                                  
20001e60  ti_sysbios_knl_Swi_Module__root__V                                        
20001e68  ti_sysbios_knl_Task_Module__root__V                                       
20001e70  xdc_runtime_LoggerCallback_Module__root__V                                
20001e78  xdc_runtime_Registry_Module__state__V                                     
20001e80  appAssertCback                                                            
20001e8c  main_func_sp                                                              
20001e90  ti_sysbios_family_arm_m3_Hwi_Module_State_0_excContext__A                 
20001e94  ti_sysbios_family_arm_m3_Hwi_Module_State_0_excStack__A                   
20001e98  ti_sysbios_knl_Task_Module_State_0_idleTask__A                            
20001ea4  ti_sysbios_family_arm_m3_Hwi_Module_State_0_excActive__A                  
20001ea8  ti_sysbios_heaps_HeapMem_Instance_State_0_buf__A                          
20002528  ti_sysbios_knl_Task_Instance_State_0_stack__A                             
20002728  uartCC26XXObjects                                                         
2000283c  PIN_NumPins                                                               
20002940  i2cCC26xxObjects                                                          
20002a20  ti_sysbios_family_arm_m3_Hwi_dispatchTable                                
20002ae8  PIN_HandleTable                                                           
20002da4  trngCC26XXObjects                                                         
20002db2  driverlib_release_0_46593                                                 
20002db7  heapStart                                                                 
20003f48  __stack                                                                   
20003f48  heapEnd                                                                   
20004348  __STACK_END                                                               
20004348  __STACK_TOP                                                               
20004f2c  A4_rw                                                                     
20004f2c  COMMON_RAM_BASE_ADDR                                                      
20004f40  P2_rw                                                                     
20004f40  P2_s0                                                                     
20004f40  eccRom_windowSize                                                         
20004f44  eccRom_workzone                                                           
20004f48  eccRom_param_p                                                            
20004f4c  eccRom_param_r                                                            
20004f50  eccRom_param_a                                                            
20004f54  inScalar                                                                  
20004f58  inPointX                                                                  
20004f5c  inPointY                                                                  
20004f60  outPointX                                                                 
20004f64  outPointY                                                                 
20004f68  SCAL                                                                      
20004f6c  EXPX                                                                      
20004f70  EXPY                                                                      
20004f74  EXPZ                                                                      
20004f78  EXPW                                                                      
20004f7c  ACCX                                                                      
20004f80  ACCY                                                                      
20004f84  ACCZ                                                                      
20004f88  TMP1                                                                      
20004f8c  TMP2                                                                      
20004f90  TMP3                                                                      
20004f94  TMP4                                                                      
20004f98  TMP5                                                                      
20004f9c  TMP6                                                                      
20004fa0  eccRom_param_Gx                                                           
20004fa4  eccRom_param_Gy                                                           
20004fa8  eccRom_param_b                                                            
20004fac  P2_zi                                                                     
20004fac  ratChanInfo                                                               
20004fcc  fwInfoCmd                                                                 
20004fd8  MSBMOD                                                                    
20004fdc  aux64                                                                     
20004fe4  MOD                                                                       
20004fe8  LEN                                                                       
20004ffc  pSspAesEncrypt_Sw                                                         
e000e000  ti_sysbios_family_arm_m3_Hwi_nvic                                         
ffffffff  __TI_pprof_out_hndl                                                       
ffffffff  __TI_prof_data_size                                                       
ffffffff  __TI_prof_data_start                                                      
ffffffff  __binit__                                                                 
ffffffff  binit                                                                     
UNDEFED   HwiP_restore                                                              
UNDEFED   SHT$$INIT_ARRAY$$Base                                                     
UNDEFED   SHT$$INIT_ARRAY$$Limit                                                    
UNDEFED   ti_sysbios_BIOS_RtsGateProxy_Handle__label__S__mangled__                  
UNDEFED   ti_sysbios_BIOS_RtsGateProxy_Object__delete__S__mangled__                 
UNDEFED   ti_sysbios_BIOS_RtsGateProxy_Params__init__S__mangled__                   
UNDEFED   ti_sysbios_BIOS_RtsGateProxy_query__E__mangled__                          
UNDEFED   ti_sysbios_hal_Hwi_HwiProxy_Module__startupDone__S__mangled__             
UNDEFED   ti_sysbios_hal_Hwi_HwiProxy_Object__delete__S__mangled__                  
UNDEFED   ti_sysbios_hal_Hwi_HwiProxy_Params__init__S__mangled__                    
UNDEFED   ti_sysbios_hal_Hwi_HwiProxy_disableInterrupt__E__mangled__                
UNDEFED   ti_sysbios_hal_Hwi_HwiProxy_enableInterrupt__E__mangled__                 
UNDEFED   ti_sysbios_hal_Hwi_HwiProxy_getStackInfo__E__mangled__                    
UNDEFED   ti_sysbios_hal_Hwi_HwiProxy_startup__E__mangled__                         
UNDEFED   ti_sysbios_hal_Hwi_HwiProxy_switchFromBootStack__E__mangled__             
UNDEFED   ti_sysbios_hal_Hwi_disableInterrupt__E                                    
UNDEFED   ti_sysbios_hal_Hwi_enableInterrupt__E                                     
UNDEFED   ti_sysbios_hal_Hwi_getStackInfo__E                                        
UNDEFED   ti_sysbios_hal_Hwi_startup__E                                             
UNDEFED   ti_sysbios_hal_Hwi_switchFromBootStack__E                                 
UNDEFED   ti_sysbios_heaps_HeapMem_Module_GateProxy_Handle__label__S__mangled__     
UNDEFED   ti_sysbios_heaps_HeapMem_Module_GateProxy_Object__delete__S__mangled__    
UNDEFED   ti_sysbios_heaps_HeapMem_Module_GateProxy_Params__init__S__mangled__      
UNDEFED   ti_sysbios_heaps_HeapMem_Module_GateProxy_query__E__mangled__             
UNDEFED   ti_sysbios_knl_Clock_TimerProxy_Module__startupDone__S__mangled__         
UNDEFED   ti_sysbios_knl_Clock_TimerProxy_startup__E__mangled__                     
UNDEFED   ti_sysbios_knl_Task_SupportProxy_Module__startupDone__S__mangled__        
UNDEFED   ti_sysbios_knl_Task_SupportProxy_getStackAlignment__E__mangled__          
UNDEFED   ti_sysbios_knl_Task_SupportProxy_start__E__mangled__                      
UNDEFED   ti_sysbios_knl_Task_SupportProxy_swap__E__mangled__                       
UNDEFED   xdc_runtime_Main_Module_GateProxy_Handle__label__S                        
UNDEFED   xdc_runtime_Main_Module_GateProxy_Object__delete__S                       
UNDEFED   xdc_runtime_Main_Module_GateProxy_query__E                                
UNDEFED   xdc_runtime_Memory_HeapProxy_Handle__label__S__mangled__                  
UNDEFED   xdc_runtime_Memory_HeapProxy_Object__delete__S__mangled__                 
UNDEFED   xdc_runtime_System_Module_GateProxy_Handle__label__S__mangled__           
UNDEFED   xdc_runtime_System_Module_GateProxy_Object__delete__S__mangled__          
UNDEFED   xdc_runtime_System_Module_GateProxy_query__E__mangled__                   
UNDEFED   xdc_runtime_System_SupportProxy_abort__E                                  
UNDEFED   xdc_runtime_System_SupportProxy_exit__E                                   
UNDEFED   xdc_runtime_Timestamp_SupportProxy_get64__E__mangled__                    
UNDEFED   xdc_runtime_Timestamp_SupportProxy_getFreq__E__mangled__                  
UNDEFED   xdc_runtime_Timestamp_get32__E                                            
UNDEFED   xdc_runtime_Timestamp_get64__E                                            
UNDEFED   xdc_runtime_Timestamp_getFreq__E                                          

[1151 symbols]
